imu.c:28:7:fastAtan2	0	static
imu.c:59:7:HAL_Imu_Pitch	0	static
imu.c:64:7:HAL_Imu_Roll	0	static
imu.c:69:7:HAL_Imu_Yaw	0	static
imu.c:74:7:HAL_Imu_Angle	0	static
imu.c:168:11:HAL_Imu_Raw_Sensor_Data	0	static
imu.c:173:11:HAL_Imu_Raw_Sensor_Data_Offset	0	static
imu.c:182:9:HAL_Imu_Scaled_Sensor_Data	0	static
imu.c:201:6:scale	20	static
imu.c:215:6:HAL_Imu_Begin_Gyr_Calibration	0	static
imu.c:220:6:HAL_Imu_Do_Gyr_Calibration	8	static
imu.c:228:6:HAL_Imu_End_Gyr_Calibration	32	static
imu.c:241:6:HAL_Imu_Begin_Mag_Calibration	0	static
imu.c:250:6:HAL_Imu_Do_Mag_Calibration	16	static
imu.c:259:6:HAL_Imu_End_Mag_Calibration	16	static
imu.c:269:6:HAL_Imu_Process_Failure	0	static
imu.c:274:6:HAL_Imu_Read_Sensors	40	static
imu.c:339:9:HAL_Imu_Get_State	0	static
imu.c:344:6:HAL_Imu_Gyr_Drift_Calibration	0	static
imu.c:353:6:HAL_Imu_Mag_Calibration	0	static
imu.c:364:6:HAL_Imu_Init	120	static
imu.c:455:6:HAL_Imu_Process	16	static
