my_stepper_interface.c:186:6:BSP_L6470_0_0_Config	0	static
my_stepper_interface.c:199:6:BSP_L6470_0_1_Config	0	static
my_stepper_interface.c:99:9:BSP_Select	0	static
my_stepper_interface.c:237:6:BSP_L6470_SetParam	16	static
my_stepper_interface.c:254:10:BSP_L6470_GetParam	16	static
my_stepper_interface.c:273:6:BSP_L6470_Run	16	static
my_stepper_interface.c:289:6:BSP_L6470_StepClock	16	static
my_stepper_interface.c:306:6:BSP_L6470_Move	16	static
my_stepper_interface.c:322:6:BSP_L6470_GoTo	16	static
my_stepper_interface.c:339:6:BSP_L6470_GoToDir	16	static
my_stepper_interface.c:357:6:BSP_L6470_GoUntil	24	static
my_stepper_interface.c:374:6:BSP_L6470_ReleaseSW	16	static
my_stepper_interface.c:389:6:BSP_L6470_GoHome	8	static
my_stepper_interface.c:404:6:BSP_L6470_GoMark	8	static
my_stepper_interface.c:419:6:BSP_L6470_ResetPos	8	static
my_stepper_interface.c:434:6:BSP_L6470_ResetDevice	8	static
my_stepper_interface.c:449:6:BSP_L6470_SoftStop	8	static
my_stepper_interface.c:464:6:BSP_L6470_HardStop	8	static
my_stepper_interface.c:479:6:BSP_L6470_SoftHiZ	8	static
my_stepper_interface.c:494:6:BSP_L6470_HardHiZ	8	static
my_stepper_interface.c:510:10:BSP_L6470_GetStatus	8	static
my_stepper_interface.c:551:9:BSP_L6470_CheckStatusRegisterFlag	16	static
my_stepper_interface.c:119:9:EXPBRD_ID	0	static
my_stepper_interface.c:134:6:BSP_L6470_Init	8	static
my_stepper_interface.c:212:28:BSP_GetExpansionBoardHandle	0	static
my_stepper_interface.c:222:6:BSP_Config	16	static
my_stepper_interface.c:173:6:BSP_0_Config	0	static
my_stepper_interface.c:532:10:BSP_L6470_PerformPreparedApplicationCommand	8	static
