stm32f7xx_it.c:55:6:NMI_Handler	0	static
stm32f7xx_it.c:68:6:HardFault_Handler	0	static
stm32f7xx_it.c:84:6:MemManage_Handler	0	static
stm32f7xx_it.c:100:6:BusFault_Handler	0	static
stm32f7xx_it.c:116:6:UsageFault_Handler	0	static
stm32f7xx_it.c:132:6:SVC_Handler	0	static
stm32f7xx_it.c:145:6:DebugMon_Handler	0	static
stm32f7xx_it.c:158:6:PendSV_Handler	0	static
stm32f7xx_it.c:171:6:SysTick_Handler	8	static
stm32f7xx_it.c:193:6:DMA1_Stream0_IRQHandler	0	static
stm32f7xx_it.c:207:6:DMA1_Stream6_IRQHandler	0	static
stm32f7xx_it.c:221:6:TIM2_IRQHandler	0	static
stm32f7xx_it.c:235:6:UART8_IRQHandler	0	static
