Archive member included to satisfy reference by file (symbol)

c:/program files (x86)/atollic/truestudio for arm 8.1.0/armtools/bin/../lib/gcc/arm-atollic-eabi/6.3.1/../../../../arm-atollic-eabi/lib/armv7e-m/fpu/fpv5-d16\libc_nano.a(lib_a-init.o)
                              startup\startup_stm32f767xx.o (__libc_init_array)
c:/program files (x86)/atollic/truestudio for arm 8.1.0/armtools/bin/../lib/gcc/arm-atollic-eabi/6.3.1/../../../../arm-atollic-eabi/lib/armv7e-m/fpu/fpv5-d16\libm.a(lib_a-s_cos.o)
                              Src\HAL\imu.o (cos)
c:/program files (x86)/atollic/truestudio for arm 8.1.0/armtools/bin/../lib/gcc/arm-atollic-eabi/6.3.1/../../../../arm-atollic-eabi/lib/armv7e-m/fpu/fpv5-d16\libm.a(lib_a-s_sin.o)
                              Src\HAL\imu.o (sin)
c:/program files (x86)/atollic/truestudio for arm 8.1.0/armtools/bin/../lib/gcc/arm-atollic-eabi/6.3.1/../../../../arm-atollic-eabi/lib/armv7e-m/fpu/fpv5-d16\libm.a(lib_a-w_sqrt.o)
                              Src\HAL\imu.o (sqrt)
c:/program files (x86)/atollic/truestudio for arm 8.1.0/armtools/bin/../lib/gcc/arm-atollic-eabi/6.3.1/../../../../arm-atollic-eabi/lib/armv7e-m/fpu/fpv5-d16\libm.a(lib_a-e_rem_pio2.o)
                              c:/program files (x86)/atollic/truestudio for arm 8.1.0/armtools/bin/../lib/gcc/arm-atollic-eabi/6.3.1/../../../../arm-atollic-eabi/lib/armv7e-m/fpu/fpv5-d16\libm.a(lib_a-s_cos.o) (__ieee754_rem_pio2)
c:/program files (x86)/atollic/truestudio for arm 8.1.0/armtools/bin/../lib/gcc/arm-atollic-eabi/6.3.1/../../../../arm-atollic-eabi/lib/armv7e-m/fpu/fpv5-d16\libm.a(lib_a-e_sqrt.o)
                              c:/program files (x86)/atollic/truestudio for arm 8.1.0/armtools/bin/../lib/gcc/arm-atollic-eabi/6.3.1/../../../../arm-atollic-eabi/lib/armv7e-m/fpu/fpv5-d16\libm.a(lib_a-w_sqrt.o) (__ieee754_sqrt)
c:/program files (x86)/atollic/truestudio for arm 8.1.0/armtools/bin/../lib/gcc/arm-atollic-eabi/6.3.1/../../../../arm-atollic-eabi/lib/armv7e-m/fpu/fpv5-d16\libm.a(lib_a-k_cos.o)
                              c:/program files (x86)/atollic/truestudio for arm 8.1.0/armtools/bin/../lib/gcc/arm-atollic-eabi/6.3.1/../../../../arm-atollic-eabi/lib/armv7e-m/fpu/fpv5-d16\libm.a(lib_a-s_cos.o) (__kernel_cos)
c:/program files (x86)/atollic/truestudio for arm 8.1.0/armtools/bin/../lib/gcc/arm-atollic-eabi/6.3.1/../../../../arm-atollic-eabi/lib/armv7e-m/fpu/fpv5-d16\libm.a(lib_a-k_rem_pio2.o)
                              c:/program files (x86)/atollic/truestudio for arm 8.1.0/armtools/bin/../lib/gcc/arm-atollic-eabi/6.3.1/../../../../arm-atollic-eabi/lib/armv7e-m/fpu/fpv5-d16\libm.a(lib_a-e_rem_pio2.o) (__kernel_rem_pio2)
c:/program files (x86)/atollic/truestudio for arm 8.1.0/armtools/bin/../lib/gcc/arm-atollic-eabi/6.3.1/../../../../arm-atollic-eabi/lib/armv7e-m/fpu/fpv5-d16\libm.a(lib_a-k_sin.o)
                              c:/program files (x86)/atollic/truestudio for arm 8.1.0/armtools/bin/../lib/gcc/arm-atollic-eabi/6.3.1/../../../../arm-atollic-eabi/lib/armv7e-m/fpu/fpv5-d16\libm.a(lib_a-s_cos.o) (__kernel_sin)
c:/program files (x86)/atollic/truestudio for arm 8.1.0/armtools/bin/../lib/gcc/arm-atollic-eabi/6.3.1/../../../../arm-atollic-eabi/lib/armv7e-m/fpu/fpv5-d16\libm.a(lib_a-s_fabs.o)
                              c:/program files (x86)/atollic/truestudio for arm 8.1.0/armtools/bin/../lib/gcc/arm-atollic-eabi/6.3.1/../../../../arm-atollic-eabi/lib/armv7e-m/fpu/fpv5-d16\libm.a(lib_a-e_rem_pio2.o) (fabs)
c:/program files (x86)/atollic/truestudio for arm 8.1.0/armtools/bin/../lib/gcc/arm-atollic-eabi/6.3.1/../../../../arm-atollic-eabi/lib/armv7e-m/fpu/fpv5-d16\libm.a(lib_a-s_floor.o)
                              c:/program files (x86)/atollic/truestudio for arm 8.1.0/armtools/bin/../lib/gcc/arm-atollic-eabi/6.3.1/../../../../arm-atollic-eabi/lib/armv7e-m/fpu/fpv5-d16\libm.a(lib_a-k_rem_pio2.o) (floor)
c:/program files (x86)/atollic/truestudio for arm 8.1.0/armtools/bin/../lib/gcc/arm-atollic-eabi/6.3.1/../../../../arm-atollic-eabi/lib/armv7e-m/fpu/fpv5-d16\libm.a(lib_a-s_lib_ver.o)
                              c:/program files (x86)/atollic/truestudio for arm 8.1.0/armtools/bin/../lib/gcc/arm-atollic-eabi/6.3.1/../../../../arm-atollic-eabi/lib/armv7e-m/fpu/fpv5-d16\libm.a(lib_a-w_sqrt.o) (__fdlib_version)
c:/program files (x86)/atollic/truestudio for arm 8.1.0/armtools/bin/../lib/gcc/arm-atollic-eabi/6.3.1/../../../../arm-atollic-eabi/lib/armv7e-m/fpu/fpv5-d16\libm.a(lib_a-s_matherr.o)
                              c:/program files (x86)/atollic/truestudio for arm 8.1.0/armtools/bin/../lib/gcc/arm-atollic-eabi/6.3.1/../../../../arm-atollic-eabi/lib/armv7e-m/fpu/fpv5-d16\libm.a(lib_a-w_sqrt.o) (matherr)
c:/program files (x86)/atollic/truestudio for arm 8.1.0/armtools/bin/../lib/gcc/arm-atollic-eabi/6.3.1/../../../../arm-atollic-eabi/lib/armv7e-m/fpu/fpv5-d16\libm.a(lib_a-s_scalbn.o)
[...]
Memory Configuration

Name             Origin             Length             Attributes
RAM              0x20000000         0x00080000         xrw
FLASH            0x08000000         0x00200000         xr
*default*        0x00000000         0xffffffff

Linker script and memory map

LOAD c:/program files (x86)/atollic/truestudio for arm 8.1.0/armtools/bin/../lib/gcc/arm-atollic-eabi/6.3.1/armv7e-m/fpu/fpv5-d16/crti.o
LOAD c:/program files (x86)/atollic/truestudio for arm 8.1.0/armtools/bin/../lib/gcc/arm-atollic-eabi/6.3.1/armv7e-m/fpu/fpv5-d16/crtbegin.o
LOAD Drivers\STM32F7xx_HAL_Driver\Src\stm32f7xx_hal.o
LOAD Drivers\STM32F7xx_HAL_Driver\Src\stm32f7xx_hal_cortex.o
LOAD Drivers\STM32F7xx_HAL_Driver\Src\stm32f7xx_hal_dma.o
LOAD Drivers\STM32F7xx_HAL_Driver\Src\stm32f7xx_hal_dma_ex.o
LOAD Drivers\STM32F7xx_HAL_Driver\Src\stm32f7xx_hal_flash.o
LOAD Drivers\STM32F7xx_HAL_Driver\Src\stm32f7xx_hal_flash_ex.o
LOAD Drivers\STM32F7xx_HAL_Driver\Src\stm32f7xx_hal_gpio.o
LOAD Drivers\STM32F7xx_HAL_Driver\Src\stm32f7xx_hal_i2c.o
LOAD Drivers\STM32F7xx_HAL_Driver\Src\stm32f7xx_hal_i2c_ex.o
LOAD Drivers\STM32F7xx_HAL_Driver\Src\stm32f7xx_hal_pwr.o
LOAD Drivers\STM32F7xx_HAL_Driver\Src\stm32f7xx_hal_pwr_ex.o
LOAD Drivers\STM32F7xx_HAL_Driver\Src\stm32f7xx_hal_rcc.o
LOAD Drivers\STM32F7xx_HAL_Driver\Src\stm32f7xx_hal_rcc_ex.o
LOAD Drivers\STM32F7xx_HAL_Driver\Src\stm32f7xx_hal_spi.o
LOAD Drivers\STM32F7xx_HAL_Driver\Src\stm32f7xx_hal_tim.o
LOAD Drivers\STM32F7xx_HAL_Driver\Src\stm32f7xx_hal_tim_ex.o
LOAD Drivers\STM32F7xx_HAL_Driver\Src\stm32f7xx_hal_uart.o
LOAD Src\APP\configuration.o
LOAD Src\APP\protocol.o
LOAD Src\APP\protocol_interpreter.o
LOAD Src\HAL\imu.o
LOAD Src\HAL\serial.o
LOAD Src\HAL\stepper.o
LOAD Src\MATH\ewma.o
LOAD Src\MATH\mymath.o
LOAD Src\MATH\pid.o
LOAD Src\main.o
LOAD Src\stm32f7xx_hal_msp.o
LOAD Src\stm32f7xx_it.o
LOAD Src\system_stm32f7xx.o
LOAD startup\startup_stm32f767xx.o
                0x00000080                malloc_getpagesize_P = 0x80
START GROUP
LOAD c:/program files (x86)/atollic/truestudio for arm 8.1.0/armtools/bin/../lib/gcc/arm-atollic-eabi/6.3.1/../../../../arm-atollic-eabi/lib/armv7e-m/fpu/fpv5-d16\libc_nano.a
LOAD c:/program files (x86)/atollic/truestudio for arm 8.1.0/armtools/bin/../lib/gcc/arm-atollic-eabi/6.3.1/../../../../arm-atollic-eabi/lib/armv7e-m/fpu/fpv5-d16\libm.a
END GROUP
START GROUP
LOAD c:/program files (x86)/atollic/truestudio for arm 8.1.0/armtools/bin/../lib/gcc/arm-atollic-eabi/6.3.1/armv7e-m/fpu/fpv5-d16\libgcc.a
LOAD c:/program files (x86)/atollic/truestudio for arm 8.1.0/armtools/bin/../lib/gcc/arm-atollic-eabi/6.3.1/../../../../arm-atollic-eabi/lib/armv7e-m/fpu/fpv5-d16\libc_nano.a
END GROUP
START GROUP
LOAD c:/program files (x86)/atollic/truestudio for arm 8.1.0/armtools/bin/../lib/gcc/arm-atollic-eabi/6.3.1/armv7e-m/fpu/fpv5-d16\libgcc.a
LOAD c:/program files (x86)/atollic/truestudio for arm 8.1.0/armtools/bin/../lib/gcc/arm-atollic-eabi/6.3.1/../../../../arm-atollic-eabi/lib/armv7e-m/fpu/fpv5-d16\libc_nano.a
LOAD c:/program files (x86)/atollic/truestudio for arm 8.1.0/armtools/bin/../lib/gcc/arm-atollic-eabi/6.3.1/../../../../arm-atollic-eabi/lib/armv7e-m/fpu/fpv5-d16\libnosys.a
END GROUP
START GROUP
LOAD c:/program files (x86)/atollic/truestudio for arm 8.1.0/armtools/bin/../lib/gcc/arm-atollic-eabi/6.3.1/armv7e-m/fpu/fpv5-d16\libgcc.a
LOAD c:/program files (x86)/atollic/truestudio for arm 8.1.0/armtools/bin/../lib/gcc/arm-atollic-eabi/6.3.1/../../../../arm-atollic-eabi/lib/armv7e-m/fpu/fpv5-d16\libc_nano.a
LOAD c:/program files (x86)/atollic/truestudio for arm 8.1.0/armtools/bin/../lib/gcc/arm-atollic-eabi/6.3.1/../../../../arm-atollic-eabi/lib/armv7e-m/fpu/fpv5-d16\libnosys.a
END GROUP
LOAD c:/program files (x86)/atollic/truestudio for arm 8.1.0/armtools/bin/../lib/gcc/arm-atollic-eabi/6.3.1/armv7e-m/fpu/fpv5-d16/crtend.o
LOAD c:/program files (x86)/atollic/truestudio for arm 8.1.0/armtools/bin/../lib/gcc/arm-atollic-eabi/6.3.1/armv7e-m/fpu/fpv5-d16/crtn.o
                0x20080000                _estack = 0x20080000
                0x00000200                _Min_Heap_Size = 0x200
                0x00000400                _Min_Stack_Size = 0x400

.isr_vector     0x08000000      0x1f8
                0x08000000                . = ALIGN (0x4)
 *(.isr_vector)
 .isr_vector    0x08000000      0x1f8 startup\startup_stm32f767xx.o
                0x08000000                g_pfnVectors
                0x080001f8                . = ALIGN (0x4)

.text           0x080001f8     0x549c
                0x080001f8                . = ALIGN (0x4)
 *(.text)
 .text          0x080001f8       0x40 c:/program files (x86)/atollic/truestudio for arm 8.1.0/armtools/bin/../lib/gcc/arm-atollic-eabi/6.3.1/armv7e-m/fpu/fpv5-d16/crtbegin.o
 *(.text*)
 .text.HAL_InitTick
                0x08000238       0x28 Drivers\STM32F7xx_HAL_Driver\Src\stm32f7xx_hal.o
                0x08000238                HAL_InitTick
 .text.HAL_Init
                0x08000260       0x16 Drivers\STM32F7xx_HAL_Driver\Src\stm32f7xx_hal.o
                0x08000260                HAL_Init
 *fill*         0x08000276        0x2 
 .text.HAL_IncTick
                0x08000278       0x10 Drivers\STM32F7xx_HAL_Driver\Src\stm32f7xx_hal.o
                0x08000278                HAL_IncTick
 .text.HAL_GetTick
                0x08000288        0xc Drivers\STM32F7xx_HAL_Driver\Src\stm32f7xx_hal.o
                0x08000288                HAL_GetTick
 .text.HAL_Delay
                0x08000294       0x1a Drivers\STM32F7xx_HAL_Driver\Src\stm32f7xx_hal.o
                0x08000294                HAL_Delay
 *fill*         0x080002ae        0x2 
 .text.HAL_NVIC_SetPriorityGrouping
                0x080002b0       0x24 Drivers\STM32F7xx_HAL_Driver\Src\stm32f7xx_hal_cortex.o
                0x080002b0                HAL_NVIC_SetPriorityGrouping
 .text.HAL_NVIC_SetPriority
                0x080002d4       0x70 Drivers\STM32F7xx_HAL_Driver\Src\stm32f7xx_hal_cortex.o
                0x080002d4                HAL_NVIC_SetPriority
 .text.HAL_NVIC_EnableIRQ
                0x08000344       0x18 Drivers\STM32F7xx_HAL_Driver\Src\stm32f7xx_hal_cortex.o
                0x08000344                HAL_NVIC_EnableIRQ
 .text.HAL_SYSTICK_Config
                0x0800035c       0x2c Drivers\STM32F7xx_HAL_Driver\Src\stm32f7xx_hal_cortex.o
                0x0800035c                HAL_SYSTICK_Config
 .text.HAL_SYSTICK_CLKSourceConfig
                0x08000388       0x18 Drivers\STM32F7xx_HAL_Driver\Src\stm32f7xx_hal_cortex.o
                0x08000388                HAL_SYSTICK_CLKSourceConfig
 .text.HAL_SYSTICK_IRQHandler
                0x080003a0        0x8 Drivers\STM32F7xx_HAL_Driver\Src\stm32f7xx_hal_cortex.o
                0x080003a0                HAL_SYSTICK_IRQHandler
 .text.DMA_CalcBaseAndBitshift
                0x080003a8       0x2c Drivers\STM32F7xx_HAL_Driver\Src\stm32f7xx_hal_dma.o
 .text.HAL_DMA_Init
                0x080003d4       0xfc Drivers\STM32F7xx_HAL_Driver\Src\stm32f7xx_hal_dma.o
                0x080003d4                HAL_DMA_Init
 .text.HAL_DMA_Start_IT
                0x080004d0       0x7a Drivers\STM32F7xx_HAL_Driver\Src\stm32f7xx_hal_dma.o
                0x080004d0                HAL_DMA_Start_IT
 .text.HAL_DMA_Abort_IT
                0x0800054a       0x24 Drivers\STM32F7xx_HAL_Driver\Src\stm32f7xx_hal_dma.o
                0x0800054a                HAL_DMA_Abort_IT
 *fill*         0x0800056e        0x2 
 .text.HAL_DMA_IRQHandler
                0x08000570      0x17c Drivers\STM32F7xx_HAL_Driver\Src\stm32f7xx_hal_dma.o
                0x08000570                HAL_DMA_IRQHandler
 .text.FLASH_Program_DoubleWord
                0x080006ec       0x2c Drivers\STM32F7xx_HAL_Driver\Src\stm32f7xx_hal_flash.o
 .text.FLASH_Program_Word
                0x08000718       0x28 Drivers\STM32F7xx_HAL_Driver\Src\stm32f7xx_hal_flash.o
 .text.FLASH_Program_HalfWord
                0x08000740       0x28 Drivers\STM32F7xx_HAL_Driver\Src\stm32f7xx_hal_flash.o
 .text.FLASH_Program_Byte
                0x08000768       0x24 Drivers\STM32F7xx_HAL_Driver\Src\stm32f7xx_hal_flash.o
 .text.FLASH_SetErrorCode
                0x0800078c       0x64 Drivers\STM32F7xx_HAL_Driver\Src\stm32f7xx_hal_flash.o
 .text.HAL_FLASH_Unlock
                0x080007f0       0x24 Drivers\STM32F7xx_HAL_Driver\Src\stm32f7xx_hal_flash.o
                0x080007f0                HAL_FLASH_Unlock
 .text.HAL_FLASH_Lock
                0x08000814       0x14 Drivers\STM32F7xx_HAL_Driver\Src\stm32f7xx_hal_flash.o
                0x08000814                HAL_FLASH_Lock
 .text.FLASH_WaitForLastOperation
                0x08000828       0x58 Drivers\STM32F7xx_HAL_Driver\Src\stm32f7xx_hal_flash.o
                0x08000828                FLASH_WaitForLastOperation
 .text.HAL_FLASH_Program
                0x08000880       0x80 Drivers\STM32F7xx_HAL_Driver\Src\stm32f7xx_hal_flash.o
                0x08000880                HAL_FLASH_Program
 .text.FLASH_MassErase
                0x08000900       0x3c Drivers\STM32F7xx_HAL_Driver\Src\stm32f7xx_hal_flash_ex.o
 .text.FLASH_Erase_Sector
                0x0800093c       0x54 Drivers\STM32F7xx_HAL_Driver\Src\stm32f7xx_hal_flash_ex.o
                0x0800093c                FLASH_Erase_Sector
 .text.HAL_FLASHEx_Erase
                0x08000990       0xa0 Drivers\STM32F7xx_HAL_Driver\Src\stm32f7xx_hal_flash_ex.o
                0x08000990                HAL_FLASHEx_Erase
 .text.HAL_GPIO_Init
                0x08000a30      0x1d4 Drivers\STM32F7xx_HAL_Driver\Src\stm32f7xx_hal_gpio.o
                0x08000a30                HAL_GPIO_Init
 .text.HAL_GPIO_WritePin
                0x08000c04        0xa Drivers\STM32F7xx_HAL_Driver\Src\stm32f7xx_hal_gpio.o
                0x08000c04                HAL_GPIO_WritePin
 .text.I2C_Flush_TXDR
                0x08000c0e       0x1c Drivers\STM32F7xx_HAL_Driver\Src\stm32f7xx_hal_i2c.o
 .text.I2C_TransferConfig
                0x08000c2a       0x2a Drivers\STM32F7xx_HAL_Driver\Src\stm32f7xx_hal_i2c.o
 .text.I2C_WaitOnFlagUntilTimeout
                0x08000c54       0x4e Drivers\STM32F7xx_HAL_Driver\Src\stm32f7xx_hal_i2c.o
 .text.I2C_IsAcknowledgeFailed
                0x08000ca2       0x7a Drivers\STM32F7xx_HAL_Driver\Src\stm32f7xx_hal_i2c.o
 .text.I2C_WaitOnTXISFlagUntilTimeout
                0x08000d1c       0x52 Drivers\STM32F7xx_HAL_Driver\Src\stm32f7xx_hal_i2c.o
 .text.I2C_RequestMemoryWrite
                0x08000d6e       0x68 Drivers\STM32F7xx_HAL_Driver\Src\stm32f7xx_hal_i2c.o
 .text.I2C_RequestMemoryRead
                0x08000dd6       0x66 Drivers\STM32F7xx_HAL_Driver\Src\stm32f7xx_hal_i2c.o
 .text.I2C_WaitOnSTOPFlagUntilTimeout
                0x08000e3c       0x4e Drivers\STM32F7xx_HAL_Driver\Src\stm32f7xx_hal_i2c.o
 .text.HAL_I2C_Init
                0x08000e8a       0xa2 Drivers\STM32F7xx_HAL_Driver\Src\stm32f7xx_hal_i2c.o
                0x08000e8a                HAL_I2C_Init
 .text.HAL_I2C_Mem_Write
                0x08000f2c      0x170 Drivers\STM32F7xx_HAL_Driver\Src\stm32f7xx_hal_i2c.o
                0x08000f2c                HAL_I2C_Mem_Write
 .text.HAL_I2C_Mem_Read
                0x0800109c      0x17c Drivers\STM32F7xx_HAL_Driver\Src\stm32f7xx_hal_i2c.o
                0x0800109c                HAL_I2C_Mem_Read
 .text.HAL_I2CEx_ConfigAnalogFilter
                0x08001218       0x4c Drivers\STM32F7xx_HAL_Driver\Src\stm32f7xx_hal_i2c_ex.o
                0x08001218                HAL_I2CEx_ConfigAnalogFilter
 .text.HAL_I2CEx_ConfigDigitalFilter
                0x08001264       0x4a Drivers\STM32F7xx_HAL_Driver\Src\stm32f7xx_hal_i2c_ex.o
                0x08001264                HAL_I2CEx_ConfigDigitalFilter
 *fill*         0x080012ae        0x2 
 .text.HAL_PWREx_EnableOverDrive
                0x080012b0       0x70 Drivers\STM32F7xx_HAL_Driver\Src\stm32f7xx_hal_pwr_ex.o
                0x080012b0                HAL_PWREx_EnableOverDrive
 .text.HAL_RCC_OscConfig
                0x08001320      0x328 Drivers\STM32F7xx_HAL_Driver\Src\stm32f7xx_hal_rcc.o
                0x08001320                HAL_RCC_OscConfig
 .text.HAL_RCC_GetSysClockFreq
                0x08001648       0x54 Drivers\STM32F7xx_HAL_Driver\Src\stm32f7xx_hal_rcc.o
                0x08001648                HAL_RCC_GetSysClockFreq
 .text.HAL_RCC_ClockConfig
                0x0800169c      0x120 Drivers\STM32F7xx_HAL_Driver\Src\stm32f7xx_hal_rcc.o
                0x0800169c                HAL_RCC_ClockConfig
 .text.HAL_RCC_GetHCLKFreq
                0x080017bc        0xc Drivers\STM32F7xx_HAL_Driver\Src\stm32f7xx_hal_rcc.o
                0x080017bc                HAL_RCC_GetHCLKFreq
 .text.HAL_RCC_GetPCLK1Freq
                0x080017c8       0x20 Drivers\STM32F7xx_HAL_Driver\Src\stm32f7xx_hal_rcc.o
                0x080017c8                HAL_RCC_GetPCLK1Freq
 .text.HAL_RCC_GetPCLK2Freq
                0x080017e8       0x20 Drivers\STM32F7xx_HAL_Driver\Src\stm32f7xx_hal_rcc.o
                0x080017e8                HAL_RCC_GetPCLK2Freq
 .text.HAL_RCCEx_PeriphCLKConfig
                0x08001808      0x55c Drivers\STM32F7xx_HAL_Driver\Src\stm32f7xx_hal_rcc_ex.o
                0x08001808                HAL_RCCEx_PeriphCLKConfig
 .text.HAL_SPI_Init
                0x08001d64       0xaa Drivers\STM32F7xx_HAL_Driver\Src\stm32f7xx_hal_spi.o
                0x08001d64                HAL_SPI_Init
 .text.TIM_TI1_ConfigInputStage
                0x08001e0e       0x22 Drivers\STM32F7xx_HAL_Driver\Src\stm32f7xx_hal_tim.o
 .text.TIM_TI2_ConfigInputStage
                0x08001e30       0x24 Drivers\STM32F7xx_HAL_Driver\Src\stm32f7xx_hal_tim.o
 .text.HAL_TIM_Base_Start_IT
                0x08001e54       0x16 Drivers\STM32F7xx_HAL_Driver\Src\stm32f7xx_hal_tim.o
                0x08001e54                HAL_TIM_Base_Start_IT
 .text.HAL_TIM_IC_MspInit
                0x08001e6a        0x2 Drivers\STM32F7xx_HAL_Driver\Src\stm32f7xx_hal_tim.o
                0x08001e6a                HAL_TIM_IC_MspInit
 .text.HAL_TIM_OC_DelayElapsedCallback
                0x08001e6c        0x2 Drivers\STM32F7xx_HAL_Driver\Src\stm32f7xx_hal_tim.o
                0x08001e6c                HAL_TIM_OC_DelayElapsedCallback
 .text.HAL_TIM_IC_CaptureCallback
                0x08001e6e        0x2 Drivers\STM32F7xx_HAL_Driver\Src\stm32f7xx_hal_tim.o
                0x08001e6e                HAL_TIM_IC_CaptureCallback
 .text.HAL_TIM_PWM_PulseFinishedCallback
                0x08001e70        0x2 Drivers\STM32F7xx_HAL_Driver\Src\stm32f7xx_hal_tim.o
                0x08001e70                HAL_TIM_PWM_PulseFinishedCallback
 .text.HAL_TIM_TriggerCallback
                0x08001e72        0x2 Drivers\STM32F7xx_HAL_Driver\Src\stm32f7xx_hal_tim.o
                0x08001e72                HAL_TIM_TriggerCallback
 .text.HAL_TIM_IRQHandler
                0x08001e74      0x160 Drivers\STM32F7xx_HAL_Driver\Src\stm32f7xx_hal_tim.o
                0x08001e74                HAL_TIM_IRQHandler
 .text.TIM_Base_SetConfig
                0x08001fd4       0xd0 Drivers\STM32F7xx_HAL_Driver\Src\stm32f7xx_hal_tim.o
                0x08001fd4                TIM_Base_SetConfig
 .text.HAL_TIM_Base_Init
                0x080020a4       0x34 Drivers\STM32F7xx_HAL_Driver\Src\stm32f7xx_hal_tim.o
                0x080020a4                HAL_TIM_Base_Init
 .text.HAL_TIM_IC_Init
                0x080020d8       0x34 Drivers\STM32F7xx_HAL_Driver\Src\stm32f7xx_hal_tim.o
                0x080020d8                HAL_TIM_IC_Init
 .text.TIM_TI1_SetConfig
                0x0800210c       0x74 Drivers\STM32F7xx_HAL_Driver\Src\stm32f7xx_hal_tim.o
                0x0800210c                TIM_TI1_SetConfig
 .text.HAL_TIM_IC_ConfigChannel
                0x08002180      0x10e Drivers\STM32F7xx_HAL_Driver\Src\stm32f7xx_hal_tim.o
                0x08002180                HAL_TIM_IC_ConfigChannel
 .text.TIM_ETR_SetConfig
                0x0800228e       0x14 Drivers\STM32F7xx_HAL_Driver\Src\stm32f7xx_hal_tim.o
                0x0800228e                TIM_ETR_SetConfig
 *fill*         0x080022a2        0x2 
 .text.HAL_TIM_ConfigClockSource
                0x080022a4      0x11c Drivers\STM32F7xx_HAL_Driver\Src\stm32f7xx_hal_tim.o
                0x080022a4                HAL_TIM_ConfigClockSource
 .text.HAL_TIM_SlaveConfigSynchronization
                0x080023c0       0x92 Drivers\STM32F7xx_HAL_Driver\Src\stm32f7xx_hal_tim.o
                0x080023c0                HAL_TIM_SlaveConfigSynchronization
 .text.TIM_CCxChannelCmd
                0x08002452       0x18 Drivers\STM32F7xx_HAL_Driver\Src\stm32f7xx_hal_tim.o
                0x08002452                TIM_CCxChannelCmd
 .text.HAL_TIM_IC_Start
                0x0800246a       0x1a Drivers\STM32F7xx_HAL_Driver\Src\stm32f7xx_hal_tim.o
                0x0800246a                HAL_TIM_IC_Start
 .text.HAL_TIMEx_MasterConfigSynchronization
                0x08002484       0x4c Drivers\STM32F7xx_HAL_Driver\Src\stm32f7xx_hal_tim_ex.o
                0x08002484                HAL_TIMEx_MasterConfigSynchronization
 .text.HAL_TIMEx_CommutationCallback
                0x080024d0        0x2 Drivers\STM32F7xx_HAL_Driver\Src\stm32f7xx_hal_tim_ex.o
                0x080024d0                HAL_TIMEx_CommutationCallback
 .text.HAL_TIMEx_BreakCallback
                0x080024d2        0x2 Drivers\STM32F7xx_HAL_Driver\Src\stm32f7xx_hal_tim_ex.o
                0x080024d2                HAL_TIMEx_BreakCallback
 .text.UART_EndRxTransfer
                0x080024d4       0x1a Drivers\STM32F7xx_HAL_Driver\Src\stm32f7xx_hal_uart.o
 *fill*         0x080024ee        0x2 
 .text.HAL_UART_Transmit_DMA
                0x080024f0       0x78 Drivers\STM32F7xx_HAL_Driver\Src\stm32f7xx_hal_uart.o
                0x080024f0                HAL_UART_Transmit_DMA
 .text.HAL_UART_Receive_DMA
                0x08002568       0x88 Drivers\STM32F7xx_HAL_Driver\Src\stm32f7xx_hal_uart.o
                0x08002568                HAL_UART_Receive_DMA
 .text.UART_WaitOnFlagUntilTimeout
                0x080025f0       0x62 Drivers\STM32F7xx_HAL_Driver\Src\stm32f7xx_hal_uart.o
                0x080025f0                UART_WaitOnFlagUntilTimeout
 .text.UART_DMATransmitCplt
                0x08002652       0x2e Drivers\STM32F7xx_HAL_Driver\Src\stm32f7xx_hal_uart.o
 .text.HAL_UART_TxHalfCpltCallback
                0x08002680        0x2 Drivers\STM32F7xx_HAL_Driver\Src\stm32f7xx_hal_uart.o
                0x08002680                HAL_UART_TxHalfCpltCallback
 .text.UART_DMATxHalfCplt
                0x08002682        0xa Drivers\STM32F7xx_HAL_Driver\Src\stm32f7xx_hal_uart.o
 .text.HAL_UART_RxCpltCallback
                0x0800268c        0x2 Drivers\STM32F7xx_HAL_Driver\Src\stm32f7xx_hal_uart.o
                0x0800268c                HAL_UART_RxCpltCallback
 .text.UART_DMAReceiveCplt
                0x0800268e       0x3a Drivers\STM32F7xx_HAL_Driver\Src\stm32f7xx_hal_uart.o
 .text.UART_Receive_IT
                0x080026c8       0x6e Drivers\STM32F7xx_HAL_Driver\Src\stm32f7xx_hal_uart.o
 .text.HAL_UART_RxHalfCpltCallback
                0x08002736        0x2 Drivers\STM32F7xx_HAL_Driver\Src\stm32f7xx_hal_uart.o
                0x08002736                HAL_UART_RxHalfCpltCallback
 .text.UART_DMARxHalfCplt
                0x08002738        0xa Drivers\STM32F7xx_HAL_Driver\Src\stm32f7xx_hal_uart.o
 .text.HAL_UART_ErrorCallback
                0x08002742        0x2 Drivers\STM32F7xx_HAL_Driver\Src\stm32f7xx_hal_uart.o
                0x08002742                HAL_UART_ErrorCallback
 .text.UART_DMAError
                0x08002744       0x52 Drivers\STM32F7xx_HAL_Driver\Src\stm32f7xx_hal_uart.o
 *fill*         0x08002796        0x2 
 .text.HAL_UART_IRQHandler
                0x08002798      0x15c Drivers\STM32F7xx_HAL_Driver\Src\stm32f7xx_hal_uart.o
                0x08002798                HAL_UART_IRQHandler
 .text.UART_DMAAbortOnError
                0x080028f4       0x14 Drivers\STM32F7xx_HAL_Driver\Src\stm32f7xx_hal_uart.o
 .text.UART_SetConfig
                0x08002908      0x290 Drivers\STM32F7xx_HAL_Driver\Src\stm32f7xx_hal_uart.o
                0x08002908                UART_SetConfig
 .text.UART_AdvFeatureConfig
                0x08002b98       0xaa Drivers\STM32F7xx_HAL_Driver\Src\stm32f7xx_hal_uart.o
                0x08002b98                UART_AdvFeatureConfig
 .text.UART_CheckIdleState
                0x08002c42       0x44 Drivers\STM32F7xx_HAL_Driver\Src\stm32f7xx_hal_uart.o
                0x08002c42                UART_CheckIdleState
 .text.HAL_UART_Init
                0x08002c86       0x64 Drivers\STM32F7xx_HAL_Driver\Src\stm32f7xx_hal_uart.o
                0x08002c86                HAL_UART_Init
 *fill*         0x08002cea        0x2 
 .text.HAL_Configuration_Reload
                0x08002cec       0x20 Src\APP\configuration.o
                0x08002cec                HAL_Configuration_Reload
 .text.HAL_Configuration_Save
                0x08002d0c       0x50 Src\APP\configuration.o
                0x08002d0c                HAL_Configuration_Save
 .text.protocol_encode
                0x08002d5c       0x34 Src\APP\protocol.o
                0x08002d5c                protocol_encode
 .text.protocol_decode_data
                0x08002d90        0x8 Src\APP\protocol.o
                0x08002d90                protocol_decode_data
 .text.protocol_decode
                0x08002d98       0x84 Src\APP\protocol.o
                0x08002d98                protocol_decode
 .text.APP_Protocol_Interpreter_Process
                0x08002e1c       0xe8 Src\APP\protocol_interpreter.o
                0x08002e1c                APP_Protocol_Interpreter_Process
 .text.fastAtan2
                0x08002f04       0xc4 Src\HAL\imu.o
                0x08002f04                fastAtan2
 .text.HAL_Imu_Angle
                0x08002fc8       0x30 Src\HAL\imu.o
                0x08002fc8                HAL_Imu_Angle
 .text.HAL_Imu_Scaled_Sensor_Data
                0x08002ff8        0x8 Src\HAL\imu.o
                0x08002ff8                HAL_Imu_Scaled_Sensor_Data
 .text.scale    0x08003000       0x64 Src\HAL\imu.o
                0x08003000                scale
 .text.HAL_Imu_Do_Gyr_Calibration
                0x08003064       0x2c Src\HAL\imu.o
                0x08003064                HAL_Imu_Do_Gyr_Calibration
 .text.HAL_Imu_End_Gyr_Calibration
                0x08003090       0x68 Src\HAL\imu.o
                0x08003090                HAL_Imu_End_Gyr_Calibration
 .text.HAL_Imu_Begin_Mag_Calibration
                0x080030f8       0x24 Src\HAL\imu.o
                0x080030f8                HAL_Imu_Begin_Mag_Calibration
 .text.HAL_Imu_Do_Mag_Calibration
                0x0800311c       0x3c Src\HAL\imu.o
                0x0800311c                HAL_Imu_Do_Mag_Calibration
 .text.HAL_Imu_End_Mag_Calibration
                0x08003158       0x2c Src\HAL\imu.o
                0x08003158                HAL_Imu_End_Mag_Calibration
 .text.HAL_Imu_Read_Sensors
                0x08003184       0xc0 Src\HAL\imu.o
                0x08003184                HAL_Imu_Read_Sensors
 *fill*         0x08003244        0x4 
 .text.HAL_Imu_Init
                0x08003248      0x278 Src\HAL\imu.o
                0x08003248                HAL_Imu_Init
 .text.HAL_Imu_Process
                0x080034c0      0x12c Src\HAL\imu.o
                0x080034c0                HAL_Imu_Process
 .text.HAL_Serial_Init
                0x080035ec       0x34 Src\HAL\serial.o
                0x080035ec                HAL_Serial_Init
 .text.HAL_Serial_Available
                0x08003620       0x26 Src\HAL\serial.o
                0x08003620                HAL_Serial_Available
 .text.HAL_Serial_GetChar
                0x08003646       0x3a Src\HAL\serial.o
                0x08003646                HAL_Serial_GetChar
 .text.HAL_Serial_Write
                0x08003680       0x44 Src\HAL\serial.o
                0x08003680                HAL_Serial_Write
 .text.HAL_UART_TxCpltCallback
                0x080036c4       0x4c Src\HAL\serial.o
                0x080036c4                HAL_UART_TxCpltCallback
 .text.speed_to_period
                0x08003710       0x44 Src\HAL\stepper.o
                0x08003710                speed_to_period
 .text.HAL_Stepper_Motor_Init
                0x08003754        0xc Src\HAL\stepper.o
                0x08003754                HAL_Stepper_Motor_Init
 .text.HAL_Stepper_Motor_Add
                0x08003760       0x50 Src\HAL\stepper.o
                0x08003760                HAL_Stepper_Motor_Add
 .text.HAL_Stepper_Motor_Set_Speed
                0x080037b0       0x20 Src\HAL\stepper.o
                0x080037b0                HAL_Stepper_Motor_Set_Speed
 .text.HAL_Stepper_Motor_Get_Position
                0x080037d0        0x4 Src\HAL\stepper.o
                0x080037d0                HAL_Stepper_Motor_Get_Position
 .text.HAL_Stepper_Motor_Reset_Position
                0x080037d4        0x6 Src\HAL\stepper.o
                0x080037d4                HAL_Stepper_Motor_Reset_Position
 .text.process  0x080037da       0x4c Src\HAL\stepper.o
                0x080037da                process
 *fill*         0x08003826        0x2 
 .text.HAL_TIM_PeriodElapsedCallback
                0x08003828       0x30 Src\HAL\stepper.o
                0x08003828                HAL_TIM_PeriodElapsedCallback
 .text.reset_ewma
                0x08003858        0x6 Src\MATH\ewma.o
                0x08003858                reset_ewma
 .text.process_ewma
                0x0800385e       0x24 Src\MATH\ewma.o
                0x0800385e                process_ewma
 .text.fconstrain
                0x08003882       0x22 Src\MATH\mymath.o
                0x08003882                fconstrain
 .text.reset_pid
                0x080038a4        0xe Src\MATH\pid.o
                0x080038a4                reset_pid
 .text.process_pid
                0x080038b2       0xa6 Src\MATH\pid.o
                0x080038b2                process_pid
 .text.reset_pid_win
                0x08003958       0x1e Src\MATH\pid.o
                0x08003958                reset_pid_win
 *fill*         0x08003976        0x2 
 .text.process_pid_win
                0x08003978       0xb4 Src\MATH\pid.o
                0x08003978                process_pid_win
 .text.HAL_SYSTICK_Callback
                0x08003a2c        0x2 Src\main.o
                0x08003a2c                HAL_SYSTICK_Callback
 *fill*         0x08003a2e        0x2 
 .text.SystemClock_Config
                0x08003a30       0xc0 Src\main.o
                0x08003a30                SystemClock_Config
 .text.startup.main
                0x08003af0      0x9bc Src\main.o
                0x08003af0                main
 .text._Error_Handler
                0x080044ac        0x2 Src\main.o
                0x080044ac                _Error_Handler
 .text.HAL_MspInit
                0x080044ae       0x60 Src\stm32f7xx_hal_msp.o
                0x080044ae                HAL_MspInit
 *fill*         0x0800450e        0x2 
 .text.HAL_I2C_MspInit
                0x08004510       0x50 Src\stm32f7xx_hal_msp.o
                0x08004510                HAL_I2C_MspInit
 .text.HAL_SPI_MspInit
                0x08004560       0x64 Src\stm32f7xx_hal_msp.o
                0x08004560                HAL_SPI_MspInit
 .text.HAL_TIM_Base_MspInit
                0x080045c4       0xb4 Src\stm32f7xx_hal_msp.o
                0x080045c4                HAL_TIM_Base_MspInit
 .text.HAL_UART_MspInit
                0x08004678       0xe4 Src\stm32f7xx_hal_msp.o
                0x08004678                HAL_UART_MspInit
 .text.NMI_Handler
                0x0800475c        0x2 Src\stm32f7xx_it.o
                0x0800475c                NMI_Handler
 .text.HardFault_Handler
                0x0800475e        0x2 Src\stm32f7xx_it.o
                0x0800475e                HardFault_Handler
 .text.MemManage_Handler
                0x08004760        0x2 Src\stm32f7xx_it.o
                0x08004760                MemManage_Handler
 .text.BusFault_Handler
                0x08004762        0x2 Src\stm32f7xx_it.o
                0x08004762                BusFault_Handler
 .text.UsageFault_Handler
                0x08004764        0x2 Src\stm32f7xx_it.o
                0x08004764                UsageFault_Handler
 .text.SVC_Handler
                0x08004766        0x2 Src\stm32f7xx_it.o
                0x08004766                SVC_Handler
 .text.DebugMon_Handler
                0x08004768        0x2 Src\stm32f7xx_it.o
                0x08004768                DebugMon_Handler
 .text.PendSV_Handler
                0x0800476a        0x2 Src\stm32f7xx_it.o
                0x0800476a                PendSV_Handler
 .text.SysTick_Handler
                0x0800476c        0xe Src\stm32f7xx_it.o
                0x0800476c                SysTick_Handler
 *fill*         0x0800477a        0x2 
 .text.DMA1_Stream0_IRQHandler
                0x0800477c        0xc Src\stm32f7xx_it.o
                0x0800477c                DMA1_Stream0_IRQHandler
 .text.DMA1_Stream6_IRQHandler
                0x08004788        0xc Src\stm32f7xx_it.o
                0x08004788                DMA1_Stream6_IRQHandler
 .text.TIM2_IRQHandler
                0x08004794        0xc Src\stm32f7xx_it.o
                0x08004794                TIM2_IRQHandler
 .text.UART8_IRQHandler
                0x080047a0        0xc Src\stm32f7xx_it.o
                0x080047a0                UART8_IRQHandler
 .text.SystemInit
                0x080047ac       0x4c Src\system_stm32f7xx.o
                0x080047ac                SystemInit
 .text.Reset_Handler
                0x080047f8       0x50 startup\startup_stm32f767xx.o
                0x080047f8                Reset_Handler
 .text.Default_Handler
                0x08004848        0x2 startup\startup_stm32f767xx.o
                0x08004848                RTC_Alarm_IRQHandler
                0x08004848                EXTI2_IRQHandler
                0x08004848                TIM8_CC_IRQHandler
                0x08004848                SPI4_IRQHandler
                0x08004848                TIM1_CC_IRQHandler
                0x08004848                DMA2_Stream5_IRQHandler
                0x08004848                JPEG_IRQHandler
                0x08004848                DMA1_Stream5_IRQHandler
                0x08004848                CAN3_RX1_IRQHandler
                0x08004848                PVD_IRQHandler
                0x08004848                TAMP_STAMP_IRQHandler
                0x08004848                CAN2_RX1_IRQHandler
                0x08004848                EXTI3_IRQHandler
                0x08004848                TIM8_TRG_COM_TIM14_IRQHandler
                0x08004848                DFSDM1_FLT1_IRQHandler
                0x08004848                TIM1_UP_TIM10_IRQHandler
                0x08004848                TIM8_UP_TIM13_IRQHandler
                0x08004848                I2C3_ER_IRQHandler
                0x08004848                DFSDM1_FLT2_IRQHandler
                0x08004848                EXTI0_IRQHandler
                0x08004848                I2C2_EV_IRQHandler
                0x08004848                DMA1_Stream2_IRQHandler
                0x08004848                CAN1_RX0_IRQHandler
                0x08004848                FPU_IRQHandler
                0x08004848                OTG_HS_WKUP_IRQHandler
                0x08004848                CAN3_SCE_IRQHandler
                0x08004848                LTDC_ER_IRQHandler
                0x08004848                CAN2_SCE_IRQHandler
                0x08004848                DMA2_Stream2_IRQHandler
                0x08004848                SPI1_IRQHandler
                0x08004848                TIM6_DAC_IRQHandler
                0x08004848                TIM1_BRK_TIM9_IRQHandler
                0x08004848                DCMI_IRQHandler
                0x08004848                CAN2_RX0_IRQHandler
                0x08004848                DMA2_Stream3_IRQHandler
                0x08004848                SAI2_IRQHandler
                0x08004848                DFSDM1_FLT3_IRQHandler
                0x08004848                USART6_IRQHandler
                0x08004848                CAN3_RX0_IRQHandler
                0x08004848                USART3_IRQHandler
                0x08004848                CAN1_RX1_IRQHandler
                0x08004848                UART5_IRQHandler
                0x08004848                DMA2_Stream0_IRQHandler
                0x08004848                TIM4_IRQHandler
                0x08004848                QUADSPI_IRQHandler
                0x08004848                I2C1_EV_IRQHandler
                0x08004848                DMA1_Stream1_IRQHandler
                0x08004848                UART4_IRQHandler
                0x08004848                TIM3_IRQHandler
                0x08004848                RCC_IRQHandler
                0x08004848                TIM8_BRK_TIM12_IRQHandler
                0x08004848                Default_Handler
                0x08004848                CEC_IRQHandler
                0x08004848                EXTI15_10_IRQHandler
                0x08004848                ADC_IRQHandler
                0x08004848                DMA1_Stream7_IRQHandler
                0x08004848                SPI5_IRQHandler
                0x08004848                TIM7_IRQHandler
                0x08004848                SDMMC1_IRQHandler
                0x08004848                CAN2_TX_IRQHandler
                0x08004848                TIM5_IRQHandler
                0x08004848                DMA2_Stream7_IRQHandler
                0x08004848                I2C3_EV_IRQHandler
                0x08004848                EXTI9_5_IRQHandler
                0x08004848                RTC_WKUP_IRQHandler
                0x08004848                LTDC_IRQHandler
                0x08004848                ETH_WKUP_IRQHandler
                0x08004848                SPDIF_RX_IRQHandler
                0x08004848                SPI2_IRQHandler
                0x08004848                OTG_HS_EP1_IN_IRQHandler
                0x08004848                CAN1_TX_IRQHandler
                0x08004848                EXTI4_IRQHandler
                0x08004848                RNG_IRQHandler
                0x08004848                ETH_IRQHandler
                0x08004848                OTG_HS_EP1_OUT_IRQHandler
                0x08004848                WWDG_IRQHandler
                0x08004848                SPI6_IRQHandler
                0x08004848                MDIOS_IRQHandler
                0x08004848                I2C4_EV_IRQHandler
                0x08004848                CAN3_TX_IRQHandler
                0x08004848                OTG_FS_WKUP_IRQHandler
                0x08004848                TIM1_TRG_COM_TIM11_IRQHandler
                0x08004848                OTG_HS_IRQHandler
                0x08004848                DMA2D_IRQHandler
                0x08004848                EXTI1_IRQHandler
                0x08004848                SDMMC2_IRQHandler
                0x08004848                UART7_IRQHandler
                0x08004848                USART2_IRQHandler
                0x08004848                DFSDM1_FLT0_IRQHandler
                0x08004848                I2C2_ER_IRQHandler
                0x08004848                DMA2_Stream1_IRQHandler
                0x08004848                CAN1_SCE_IRQHandler
                0x08004848                FLASH_IRQHandler
                0x08004848                DMA2_Stream4_IRQHandler
                0x08004848                USART1_IRQHandler
                0x08004848                OTG_FS_IRQHandler
                0x08004848                SPI3_IRQHandler
                0x08004848                DMA1_Stream4_IRQHandler
                0x08004848                I2C1_ER_IRQHandler
                0x08004848                FMC_IRQHandler
                0x08004848                LPTIM1_IRQHandler
                0x08004848                I2C4_ER_IRQHandler
                0x08004848                DMA2_Stream6_IRQHandler
                0x08004848                SAI1_IRQHandler
                0x08004848                DMA1_Stream3_IRQHandler
 *fill*         0x0800484a        0x2 
 .text.__libc_init_array
                0x0800484c       0x48 c:/program files (x86)/atollic/truestudio for arm 8.1.0/armtools/bin/../lib/gcc/arm-atollic-eabi/6.3.1/../../../../arm-atollic-eabi/lib/armv7e-m/fpu/fpv5-d16\libc_nano.a(lib_a-init.o)
                0x0800484c                __libc_init_array
 *fill*         0x08004894        0x4 
 .text.cos      0x08004898       0x78 c:/program files (x86)/atollic/truestudio for arm 8.1.0/armtools/bin/../lib/gcc/arm-atollic-eabi/6.3.1/../../../../arm-atollic-eabi/lib/armv7e-m/fpu/fpv5-d16\libm.a(lib_a-s_cos.o)
                0x08004898                cos
 .text.sin      0x08004910       0x78 c:/program files (x86)/atollic/truestudio for arm 8.1.0/armtools/bin/../lib/gcc/arm-atollic-eabi/6.3.1/../../../../arm-atollic-eabi/lib/armv7e-m/fpu/fpv5-d16\libm.a(lib_a-s_sin.o)
                0x08004910                sin
 .text.sqrt     0x08004988       0x98 c:/program files (x86)/atollic/truestudio for arm 8.1.0/armtools/bin/../lib/gcc/arm-atollic-eabi/6.3.1/../../../../arm-atollic-eabi/lib/armv7e-m/fpu/fpv5-d16\libm.a(lib_a-w_sqrt.o)
                0x08004988                sqrt
 .text.__ieee754_rem_pio2
                0x08004a20      0x280 c:/program files (x86)/atollic/truestudio for arm 8.1.0/armtools/bin/../lib/gcc/arm-atollic-eabi/6.3.1/../../../../arm-atollic-eabi/lib/armv7e-m/fpu/fpv5-d16\libm.a(lib_a-e_rem_pio2.o)
                0x08004a20                __ieee754_rem_pio2
 .text.__ieee754_sqrt
                0x08004ca0      0x13c c:/program files (x86)/atollic/truestudio for arm 8.1.0/armtools/bin/../lib/gcc/arm-atollic-eabi/6.3.1/../../../../arm-atollic-eabi/lib/armv7e-m/fpu/fpv5-d16\libm.a(lib_a-e_sqrt.o)
                0x08004ca0                __ieee754_sqrt
 *fill*         0x08004ddc        0x4 
 .text.__kernel_cos
                0x08004de0       0xd8 c:/program files (x86)/atollic/truestudio for arm 8.1.0/armtools/bin/../lib/gcc/arm-atollic-eabi/6.3.1/../../../../arm-atollic-eabi/lib/armv7e-m/fpu/fpv5-d16\libm.a(lib_a-k_cos.o)
                0x08004de0                __kernel_cos
 .text.__kernel_rem_pio2
                0x08004eb8      0x4e8 c:/program files (x86)/atollic/truestudio for arm 8.1.0/armtools/bin/../lib/gcc/arm-atollic-eabi/6.3.1/../../../../arm-atollic-eabi/lib/armv7e-m/fpu/fpv5-d16\libm.a(lib_a-k_rem_pio2.o)
                0x08004eb8                __kernel_rem_pio2
 .text.__kernel_sin
                0x080053a0       0xb0 c:/program files (x86)/atollic/truestudio for arm 8.1.0/armtools/bin/../lib/gcc/arm-atollic-eabi/6.3.1/../../../../arm-atollic-eabi/lib/armv7e-m/fpu/fpv5-d16\libm.a(lib_a-k_sin.o)
                0x080053a0                __kernel_sin
 .text.fabs     0x08005450        0xe c:/program files (x86)/atollic/truestudio for arm 8.1.0/armtools/bin/../lib/gcc/arm-atollic-eabi/6.3.1/../../../../arm-atollic-eabi/lib/armv7e-m/fpu/fpv5-d16\libm.a(lib_a-s_fabs.o)
                0x08005450                fabs
 *fill*         0x0800545e        0x2 
 .text.floor    0x08005460       0xf0 c:/program files (x86)/atollic/truestudio for arm 8.1.0/armtools/bin/../lib/gcc/arm-atollic-eabi/6.3.1/../../../../arm-atollic-eabi/lib/armv7e-m/fpu/fpv5-d16\libm.a(lib_a-s_floor.o)
                0x08005460                floor
 .text.matherr  0x08005550        0x4 c:/program files (x86)/atollic/truestudio for arm 8.1.0/armtools/bin/../lib/gcc/arm-atollic-eabi/6.3.1/../../../../arm-atollic-eabi/lib/armv7e-m/fpu/fpv5-d16\libm.a(lib_a-s_matherr.o)
                0x08005550                matherr
 *fill*         0x08005554        0x4 
 .text.scalbn   0x08005558       0xfc c:/program files (x86)/atollic/truestudio for arm 8.1.0/armtools/bin/../lib/gcc/arm-atollic-eabi/6.3.1/../../../../arm-atollic-eabi/lib/armv7e-m/fpu/fpv5-d16\libm.a(lib_a-s_scalbn.o)
                0x08005558                scalbn
 .text.copysign
                0x08005654       0x1a c:/program files (x86)/atollic/truestudio for arm 8.1.0/armtools/bin/../lib/gcc/arm-atollic-eabi/6.3.1/../../../../arm-atollic-eabi/lib/armv7e-m/fpu/fpv5-d16\libm.a(lib_a-s_copysign.o)
                0x08005654                copysign
 *fill*         0x0800566e        0x2 
 .text.__errno  0x08005670        0xc c:/program files (x86)/atollic/truestudio for arm 8.1.0/armtools/bin/../lib/gcc/arm-atollic-eabi/6.3.1/../../../../arm-atollic-eabi/lib/armv7e-m/fpu/fpv5-d16\libc_nano.a(lib_a-errno.o)
                0x08005670                __errno
 *(.glue_7)
 .glue_7        0x0800567c        0x0 linker stubs
 *(.glue_7t)
 .glue_7t       0x0800567c        0x0 linker stubs
 *(.eh_frame)
 .eh_frame      0x0800567c        0x0 c:/program files (x86)/atollic/truestudio for arm 8.1.0/armtools/bin/../lib/gcc/arm-atollic-eabi/6.3.1/armv7e-m/fpu/fpv5-d16/crtbegin.o
 *(.init)
 .init          0x0800567c        0x4 c:/program files (x86)/atollic/truestudio for arm 8.1.0/armtools/bin/../lib/gcc/arm-atollic-eabi/6.3.1/armv7e-m/fpu/fpv5-d16/crti.o
                0x0800567c                _init
 .init          0x08005680        0x8 c:/program files (x86)/atollic/truestudio for arm 8.1.0/armtools/bin/../lib/gcc/arm-atollic-eabi/6.3.1/armv7e-m/fpu/fpv5-d16/crtn.o
 *(.fini)
 .fini          0x08005688        0x4 c:/program files (x86)/atollic/truestudio for arm 8.1.0/armtools/bin/../lib/gcc/arm-atollic-eabi/6.3.1/armv7e-m/fpu/fpv5-d16/crti.o
                0x08005688                _fini
 .fini          0x0800568c        0x8 c:/program files (x86)/atollic/truestudio for arm 8.1.0/armtools/bin/../lib/gcc/arm-atollic-eabi/6.3.1/armv7e-m/fpu/fpv5-d16/crtn.o
                0x08005694                . = ALIGN (0x4)
                0x08005694                _etext = .

.vfp11_veneer   0x08005694        0x0
 .vfp11_veneer  0x08005694        0x0 linker stubs

.v4_bx          0x08005694        0x0
 .v4_bx         0x08005694        0x0 linker stubs

.iplt           0x08005694        0x0
 .iplt          0x08005694        0x0 c:/program files (x86)/atollic/truestudio for arm 8.1.0/armtools/bin/../lib/gcc/arm-atollic-eabi/6.3.1/armv7e-m/fpu/fpv5-d16/crtbegin.o

.rodata         0x08005698      0x2c0
                0x08005698                . = ALIGN (0x4)
 *(.rodata)
 .rodata        0x08005698       0x14 Src\APP\configuration.o
 *(.rodata*)
 .rodata.flagBitshiftOffset.9726
                0x080056ac        0x8 Drivers\STM32F7xx_HAL_Driver\Src\stm32f7xx_hal_dma.o
 .rodata.CSWTCH.38
                0x080056b4        0x4 Drivers\STM32F7xx_HAL_Driver\Src\stm32f7xx_hal_uart.o
 .rodata.CSWTCH.39
                0x080056b8        0xd Drivers\STM32F7xx_HAL_Driver\Src\stm32f7xx_hal_uart.o
 .rodata.command_length
                0x080056c5       0x15 Src\APP\protocol.o
                0x080056c5                command_length
 *fill*         0x080056da        0x2 
 .rodata.sensor_order
                0x080056dc       0x24 Src\HAL\imu.o
 .rodata.sensor_scale_factor
                0x08005700       0x24 Src\HAL\imu.o
 .rodata.sensor_sign
                0x08005724       0x24 Src\HAL\imu.o
 .rodata.HAL_UART_MspInit.str1.1
                0x08005748       0x1b Src\stm32f7xx_hal_msp.o
 .rodata.AHBPrescTable
                0x08005763       0x10 Src\system_stm32f7xx.o
                0x08005763                AHBPrescTable
 .rodata.APBPrescTable
                0x08005773        0x8 Src\system_stm32f7xx.o
                0x08005773                APBPrescTable
 .rodata.sqrt.str1.1
                0x0800577b        0x5 c:/program files (x86)/atollic/truestudio for arm 8.1.0/armtools/bin/../lib/gcc/arm-atollic-eabi/6.3.1/../../../../arm-atollic-eabi/lib/armv7e-m/fpu/fpv5-d16\libm.a(lib_a-w_sqrt.o)
 .rodata.npio2_hw
                0x08005780       0x80 c:/program files (x86)/atollic/truestudio for arm 8.1.0/armtools/bin/../lib/gcc/arm-atollic-eabi/6.3.1/../../../../arm-atollic-eabi/lib/armv7e-m/fpu/fpv5-d16\libm.a(lib_a-e_rem_pio2.o)
 .rodata.two_over_pi
                0x08005800      0x108 c:/program files (x86)/atollic/truestudio for arm 8.1.0/armtools/bin/../lib/gcc/arm-atollic-eabi/6.3.1/../../../../arm-atollic-eabi/lib/armv7e-m/fpu/fpv5-d16\libm.a(lib_a-e_rem_pio2.o)
 .rodata.PIo2   0x08005908       0x40 c:/program files (x86)/atollic/truestudio for arm 8.1.0/armtools/bin/../lib/gcc/arm-atollic-eabi/6.3.1/../../../../arm-atollic-eabi/lib/armv7e-m/fpu/fpv5-d16\libm.a(lib_a-k_rem_pio2.o)
 .rodata.init_jk
                0x08005948       0x10 c:/program files (x86)/atollic/truestudio for arm 8.1.0/armtools/bin/../lib/gcc/arm-atollic-eabi/6.3.1/../../../../arm-atollic-eabi/lib/armv7e-m/fpu/fpv5-d16\libm.a(lib_a-k_rem_pio2.o)
                0x08005958                . = ALIGN (0x4)

.rel.dyn        0x08005958        0x0
 .rel.iplt      0x08005958        0x0 c:/program files (x86)/atollic/truestudio for arm 8.1.0/armtools/bin/../lib/gcc/arm-atollic-eabi/6.3.1/armv7e-m/fpu/fpv5-d16/crtbegin.o

.ARM.extab
 *(.ARM.extab* .gnu.linkonce.armextab.*)

.ARM            0x08005958        0x0
                0x08005958                __exidx_start = .
 *(.ARM.exidx*)
                0x08005958                __exidx_end = .

.preinit_array  0x08005958        0x0
                0x08005958                PROVIDE (__preinit_array_start, .)
 *(.preinit_array*)
                0x08005958                PROVIDE (__preinit_array_end, .)

.init_array     0x08005958        0x4
                0x08005958                PROVIDE (__init_array_start, .)
 *(SORT(.init_array.*))
 *(.init_array*)
 .init_array    0x08005958        0x4 c:/program files (x86)/atollic/truestudio for arm 8.1.0/armtools/bin/../lib/gcc/arm-atollic-eabi/6.3.1/armv7e-m/fpu/fpv5-d16/crtbegin.o
                0x0800595c                PROVIDE (__init_array_end, .)

.fini_array     0x0800595c        0x4
                [!provide]                PROVIDE (__fini_array_start, .)
 *(SORT(.fini_array.*))
 *(.fini_array*)
 .fini_array    0x0800595c        0x4 c:/program files (x86)/atollic/truestudio for arm 8.1.0/armtools/bin/../lib/gcc/arm-atollic-eabi/6.3.1/armv7e-m/fpu/fpv5-d16/crtbegin.o
                [!provide]                PROVIDE (__fini_array_end, .)
                0x08005960                _sidata = LOADADDR (.data)

.data           0x20000000      0x390 load address 0x08005960
                0x20000000                . = ALIGN (0x4)
                0x20000000                _sdata = .
 *(.data)
 *(.data*)
 .data._configuration_data_flash_address
                0x20000000        0x4 Src\APP\configuration.o
                0x20000000                _configuration_data_flash_address
 .data.imu_config
                0x20000004       0x6c Src\HAL\imu.o
                0x20000004                imu_config
 .data.raw_sensor_data_max
                0x20000070       0x12 Src\HAL\imu.o
 .data.raw_sensor_data_min
                0x20000082       0x12 Src\HAL\imu.o
 .data.raw_sensor_data_offset
                0x20000094       0x12 Src\HAL\imu.o
 *fill*         0x200000a6        0x2 
 .data.e_pitch_alpha
                0x200000a8        0x4 Src\main.o
                0x200000a8                e_pitch_alpha
 .data.e_ptich_correction
                0x200000ac        0x8 Src\main.o
                0x200000ac                e_ptich_correction
 .data.m1_ewma  0x200000b4        0x8 Src\main.o
                0x200000b4                m1_ewma
 .data.m2_ewma  0x200000bc        0x8 Src\main.o
                0x200000bc                m2_ewma
 .data.pid_pitch
                0x200000c4      0x228 Src\main.o
                0x200000c4                pid_pitch
 .data.pid_x    0x200002ec       0x28 Src\main.o
                0x200002ec                pid_x
 .data.wspeed_ewma
                0x20000314        0x8 Src\main.o
                0x20000314                wspeed_ewma
 .data.xspeed_ewma
                0x2000031c        0x8 Src\main.o
                0x2000031c                xspeed_ewma
 .data.SystemCoreClock
                0x20000324        0x4 Src\system_stm32f7xx.o
                0x20000324                SystemCoreClock
 .data.__fdlib_version
                0x20000328        0x1 c:/program files (x86)/atollic/truestudio for arm 8.1.0/armtools/bin/../lib/gcc/arm-atollic-eabi/6.3.1/../../../../arm-atollic-eabi/lib/armv7e-m/fpu/fpv5-d16\libm.a(lib_a-s_lib_ver.o)
                0x20000328                __fdlib_version
 *fill*         0x20000329        0x3 
 .data._impure_ptr
                0x2000032c        0x4 c:/program files (x86)/atollic/truestudio for arm 8.1.0/armtools/bin/../lib/gcc/arm-atollic-eabi/6.3.1/../../../../arm-atollic-eabi/lib/armv7e-m/fpu/fpv5-d16\libc_nano.a(lib_a-impure.o)
                0x2000032c                _impure_ptr
 .data.impure_data
                0x20000330       0x60 c:/program files (x86)/atollic/truestudio for arm 8.1.0/armtools/bin/../lib/gcc/arm-atollic-eabi/6.3.1/../../../../arm-atollic-eabi/lib/armv7e-m/fpu/fpv5-d16\libc_nano.a(lib_a-impure.o)
                0x20000390                . = ALIGN (0x4)
                0x20000390                _edata = .

.igot.plt       0x20000390        0x0 load address 0x08005cf0
 .igot.plt      0x20000390        0x0 c:/program files (x86)/atollic/truestudio for arm 8.1.0/armtools/bin/../lib/gcc/arm-atollic-eabi/6.3.1/armv7e-m/fpu/fpv5-d16/crtbegin.o
                0x20000390                . = ALIGN (0x4)

.bss            0x20000390     0x25cc load address 0x08005cf0
                0x20000390                _sbss = .
                0x20000390                __bss_start__ = _sbss
 *(.bss)
 .bss           0x20000390       0x1c c:/program files (x86)/atollic/truestudio for arm 8.1.0/armtools/bin/../lib/gcc/arm-atollic-eabi/6.3.1/armv7e-m/fpu/fpv5-d16/crtbegin.o
 *(.bss*)
 .bss.current_cmd.9662
                0x200003ac        0x4 Src\APP\protocol.o
 .bss.current_data_byte.9664
                0x200003b0        0x4 Src\APP\protocol.o
 .bss.decoded_data_buffer
                0x200003b4       0x80 Src\APP\protocol.o
 .bss.remaining_data_bytes.9663
                0x20000434        0x4 Src\APP\protocol.o
 .bss.state.9661
                0x20000438        0x4 Src\APP\protocol.o
 .bss.tx_data_buffer
                0x2000043c       0x80 Src\APP\protocol_interpreter.o
 .bss.atan.10168
                0x200004bc        0x4 Src\HAL\imu.o
 .bss.calibration_iteration
                0x200004c0        0x4 Src\HAL\imu.o
 .bss.pitch     0x200004c4        0x4 Src\HAL\imu.o
 .bss.raw_sensor_data
                0x200004c8       0x12 Src\HAL\imu.o
 .bss.raw_sensor_data_record
                0x200004da     0x1770 Src\HAL\imu.o
 *fill*         0x20001c4a        0x2 
 .bss.roll      0x20001c4c        0x4 Src\HAL\imu.o
 .bss.scaled_sensor_data
                0x20001c50       0x24 Src\HAL\imu.o
 .bss.state     0x20001c74        0x4 Src\HAL\imu.o
 .bss.yaw       0x20001c78        0x4 Src\HAL\imu.o
 .bss.hserial_table
                0x20001c7c       0x10 Src\HAL\serial.o
                0x20001c7c                hserial_table
 .bss.id.9677   0x20001c8c        0x4 Src\HAL\serial.o
 .bss.serial_counter
                0x20001c90        0x4 Src\HAL\serial.o
                0x20001c90                serial_counter
 .bss.HAL_Stepper_Motor_handles
                0x20001c94       0x10 Src\HAL\stepper.o
 .bss.HAL_Stepper_Motor_handles_count
                0x20001ca4        0x4 Src\HAL\stepper.o
 .bss.stepper_htim
                0x20001ca8        0x4 Src\HAL\stepper.o
 .bss.abs_pos   0x20001cac        0x4 Src\main.o
                0x20001cac                abs_pos
 .bss.abs_pos_0
                0x20001cb0        0x4 Src\main.o
                0x20001cb0                abs_pos_0
 .bss.abs_pos_1
                0x20001cb4        0x4 Src\main.o
                0x20001cb4                abs_pos_1
 .bss.abs_pos_last
                0x20001cb8        0x4 Src\main.o
                0x20001cb8                abs_pos_last
 .bss.actual_wspeed
                0x20001cbc        0x4 Src\main.o
                0x20001cbc                actual_wspeed
 .bss.actual_xspeed
                0x20001cc0        0x4 Src\main.o
                0x20001cc0                actual_xspeed
 .bss.armed     0x20001cc4        0x1 Src\main.o
 *fill*         0x20001cc5        0x3 
 .bss.delta_pos
                0x20001cc8        0x4 Src\main.o
                0x20001cc8                delta_pos
 .bss.distance  0x20001ccc        0x4 Src\main.o
 .bss.m1_speed  0x20001cd0        0x4 Src\main.o
 .bss.m2_speed  0x20001cd4        0x4 Src\main.o
 .bss.pid_pitch_output
                0x20001cd8        0x4 Src\main.o
 .bss.pid_x_output
                0x20001cdc        0x4 Src\main.o
 .bss.reference_wspeed
                0x20001ce0        0x4 Src\main.o
                0x20001ce0                reference_wspeed
 .bss.reference_xspeed
                0x20001ce4        0x4 Src\main.o
                0x20001ce4                reference_xspeed
 .bss.tx_data_buffer_int.10404
                0x20001ce8       0x80 Src\main.o
 *(COMMON)
 COMMON         0x20001d68        0x4 Drivers\STM32F7xx_HAL_Driver\Src\stm32f7xx_hal.o
                0x20001d68                uwTick
 COMMON         0x20001d6c       0x1c Drivers\STM32F7xx_HAL_Driver\Src\stm32f7xx_hal_flash.o
                0x20001d6c                pFlash
 COMMON         0x20001d88       0x60 Src\APP\configuration.o
                0x20001d88                configuration_data
 COMMON         0x20001de8      0x88c Src\APP\protocol_interpreter.o
                0x20001de8                tx_protocol_buffer
                0x20001e68                com
 COMMON         0x20002674      0x2e8 Src\main.o
                0x20002674                htim8
                0x200026b4                htim4
                0x200026f4                hi2c1
                0x20002740                m2
                0x20002764                hdma_uart8_rx
                0x200027c4                hdma_uart8_tx
                0x20002824                huart8
                0x20002894                m1
                0x200028b8                hspi1
                0x2000291c                htim2
                0x2000295c                . = ALIGN (0x4)
                0x2000295c                _ebss = .
                0x2000295c                __bss_end__ = _ebss

._user_heap_stack
                0x2000295c      0x600 load address 0x08005cf0
                0x2000295c                . = ALIGN (0x4)
                [!provide]                PROVIDE (end, .)
                [!provide]                PROVIDE (_end, .)
                0x20002b5c                . = (. + _Min_Heap_Size)
 *fill*         0x2000295c      0x200 
                0x20002f5c                . = (. + _Min_Stack_Size)
 *fill*         0x20002b5c      0x400 
                0x20002f5c                . = ALIGN (0x4)

/DISCARD/
 libc.a(*)
 libm.a(*)
 libgcc.a(*)

.ARM.attributes
                0x00000000       0x2e
 *(.ARM.attributes)
 .ARM.attributes
                0x00000000       0x20 c:/program files (x86)/atollic/truestudio for arm 8.1.0/armtools/bin/../lib/gcc/arm-atollic-eabi/6.3.1/armv7e-m/fpu/fpv5-d16/crti.o
 .ARM.attributes
                0x00000020       0x32 c:/program files (x86)/atollic/truestudio for arm 8.1.0/armtools/bin/../lib/gcc/arm-atollic-eabi/6.3.1/armv7e-m/fpu/fpv5-d16/crtbegin.o
 .ARM.attributes
                0x00000052       0x37 Drivers\STM32F7xx_HAL_Driver\Src\stm32f7xx_hal.o
 .ARM.attributes
                0x00000089       0x37 Drivers\STM32F7xx_HAL_Driver\Src\stm32f7xx_hal_cortex.o
 .ARM.attributes
                0x000000c0       0x37 Drivers\STM32F7xx_HAL_Driver\Src\stm32f7xx_hal_dma.o
 .ARM.attributes
                0x000000f7       0x37 Drivers\STM32F7xx_HAL_Driver\Src\stm32f7xx_hal_flash.o
 .ARM.attributes
                0x0000012e       0x37 Drivers\STM32F7xx_HAL_Driver\Src\stm32f7xx_hal_flash_ex.o
 .ARM.attributes
                0x00000165       0x37 Drivers\STM32F7xx_HAL_Driver\Src\stm32f7xx_hal_gpio.o
 .ARM.attributes
                0x0000019c       0x37 Drivers\STM32F7xx_HAL_Driver\Src\stm32f7xx_hal_i2c.o
 .ARM.attributes
                0x000001d3       0x37 Drivers\STM32F7xx_HAL_Driver\Src\stm32f7xx_hal_i2c_ex.o
 .ARM.attributes
                0x0000020a       0x37 Drivers\STM32F7xx_HAL_Driver\Src\stm32f7xx_hal_pwr_ex.o
 .ARM.attributes
                0x00000241       0x37 Drivers\STM32F7xx_HAL_Driver\Src\stm32f7xx_hal_rcc.o
 .ARM.attributes
                0x00000278       0x37 Drivers\STM32F7xx_HAL_Driver\Src\stm32f7xx_hal_rcc_ex.o
 .ARM.attributes
                0x000002af       0x37 Drivers\STM32F7xx_HAL_Driver\Src\stm32f7xx_hal_spi.o
 .ARM.attributes
                0x000002e6       0x37 Drivers\STM32F7xx_HAL_Driver\Src\stm32f7xx_hal_tim.o
 .ARM.attributes
                0x0000031d       0x37 Drivers\STM32F7xx_HAL_Driver\Src\stm32f7xx_hal_tim_ex.o
 .ARM.attributes
                0x00000354       0x37 Drivers\STM32F7xx_HAL_Driver\Src\stm32f7xx_hal_uart.o
 .ARM.attributes
                0x0000038b       0x37 Src\APP\configuration.o
 .ARM.attributes
                0x000003c2       0x37 Src\APP\protocol.o
 .ARM.attributes
                0x000003f9       0x37 Src\APP\protocol_interpreter.o
 .ARM.attributes
                0x00000430       0x37 Src\HAL\imu.o
 .ARM.attributes
                0x00000467       0x37 Src\HAL\serial.o
 .ARM.attributes
                0x0000049e       0x37 Src\HAL\stepper.o
 .ARM.attributes
                0x000004d5       0x37 Src\MATH\ewma.o
 .ARM.attributes
                0x0000050c       0x37 Src\MATH\mymath.o
 .ARM.attributes
                0x00000543       0x37 Src\MATH\pid.o
 .ARM.attributes
                0x0000057a       0x37 Src\main.o
 .ARM.attributes
                0x000005b1       0x37 Src\stm32f7xx_hal_msp.o
 .ARM.attributes
                0x000005e8       0x37 Src\stm32f7xx_it.o
 .ARM.attributes
                0x0000061f       0x37 Src\system_stm32f7xx.o
 .ARM.attributes
                0x00000656       0x21 startup\startup_stm32f767xx.o
 .ARM.attributes
                0x00000677       0x32 c:/program files (x86)/atollic/truestudio for arm 8.1.0/armtools/bin/../lib/gcc/arm-atollic-eabi/6.3.1/../../../../arm-atollic-eabi/lib/armv7e-m/fpu/fpv5-d16\libc_nano.a(lib_a-init.o)
 .ARM.attributes
                0x000006a9       0x32 c:/program files (x86)/atollic/truestudio for arm 8.1.0/armtools/bin/../lib/gcc/arm-atollic-eabi/6.3.1/../../../../arm-atollic-eabi/lib/armv7e-m/fpu/fpv5-d16\libm.a(lib_a-s_cos.o)
 .ARM.attributes
                0x000006db       0x32 c:/program files (x86)/atollic/truestudio for arm 8.1.0/armtools/bin/../lib/gcc/arm-atollic-eabi/6.3.1/../../../../arm-atollic-eabi/lib/armv7e-m/fpu/fpv5-d16\libm.a(lib_a-s_sin.o)
 .ARM.attributes
                0x0000070d       0x32 c:/program files (x86)/atollic/truestudio for arm 8.1.0/armtools/bin/../lib/gcc/arm-atollic-eabi/6.3.1/../../../../arm-atollic-eabi/lib/armv7e-m/fpu/fpv5-d16\libm.a(lib_a-w_sqrt.o)
 .ARM.attributes
                0x0000073f       0x32 c:/program files (x86)/atollic/truestudio for arm 8.1.0/armtools/bin/../lib/gcc/arm-atollic-eabi/6.3.1/../../../../arm-atollic-eabi/lib/armv7e-m/fpu/fpv5-d16\libm.a(lib_a-e_rem_pio2.o)
 .ARM.attributes
                0x00000771       0x32 c:/program files (x86)/atollic/truestudio for arm 8.1.0/armtools/bin/../lib/gcc/arm-atollic-eabi/6.3.1/../../../../arm-atollic-eabi/lib/armv7e-m/fpu/fpv5-d16\libm.a(lib_a-e_sqrt.o)
 .ARM.attributes
                0x000007a3       0x32 c:/program files (x86)/atollic/truestudio for arm 8.1.0/armtools/bin/../lib/gcc/arm-atollic-eabi/6.3.1/../../../../arm-atollic-eabi/lib/armv7e-m/fpu/fpv5-d16\libm.a(lib_a-k_cos.o)
 .ARM.attributes
                0x000007d5       0x32 c:/program files (x86)/atollic/truestudio for arm 8.1.0/armtools/bin/../lib/gcc/arm-atollic-eabi/6.3.1/../../../../arm-atollic-eabi/lib/armv7e-m/fpu/fpv5-d16\libm.a(lib_a-k_rem_pio2.o)
 .ARM.attributes
                0x00000807       0x32 c:/program files (x86)/atollic/truestudio for arm 8.1.0/armtools/bin/../lib/gcc/arm-atollic-eabi/6.3.1/../../../../arm-atollic-eabi/lib/armv7e-m/fpu/fpv5-d16\libm.a(lib_a-k_sin.o)
 .ARM.attributes
                0x00000839       0x32 c:/program files (x86)/atollic/truestudio for arm 8.1.0/armtools/bin/../lib/gcc/arm-atollic-eabi/6.3.1/../../../../arm-atollic-eabi/lib/armv7e-m/fpu/fpv5-d16\libm.a(lib_a-s_fabs.o)
 .ARM.attributes
                0x0000086b       0x32 c:/program files (x86)/atollic/truestudio for arm 8.1.0/armtools/bin/../lib/gcc/arm-atollic-eabi/6.3.1/../../../../arm-atollic-eabi/lib/armv7e-m/fpu/fpv5-d16\libm.a(lib_a-s_floor.o)
 .ARM.attributes
                0x0000089d       0x32 c:/program files (x86)/atollic/truestudio for arm 8.1.0/armtools/bin/../lib/gcc/arm-atollic-eabi/6.3.1/../../../../arm-atollic-eabi/lib/armv7e-m/fpu/fpv5-d16\libm.a(lib_a-s_lib_ver.o)
 .ARM.attributes
                0x000008cf       0x32 c:/program files (x86)/atollic/truestudio for arm 8.1.0/armtools/bin/../lib/gcc/arm-atollic-eabi/6.3.1/../../../../arm-atollic-eabi/lib/armv7e-m/fpu/fpv5-d16\libm.a(lib_a-s_matherr.o)
 .ARM.attributes
                0x00000901       0x32 c:/program files (x86)/atollic/truestudio for arm 8.1.0/armtools/bin/../lib/gcc/arm-atollic-eabi/6.3.1/../../../../arm-atollic-eabi/lib/armv7e-m/fpu/fpv5-d16\libm.a(lib_a-s_scalbn.o)
 .ARM.attributes
                0x00000933       0x32 c:/program files (x86)/atollic/truestudio for arm 8.1.0/armtools/bin/../lib/gcc/arm-atollic-eabi/6.3.1/../../../../arm-atollic-eabi/lib/armv7e-m/fpu/fpv5-d16\libm.a(lib_a-s_copysign.o)
 .ARM.attributes
                0x00000965       0x32 c:/program files (x86)/atollic/truestudio for arm 8.1.0/armtools/bin/../lib/gcc/arm-atollic-eabi/6.3.1/../../../../arm-atollic-eabi/lib/armv7e-m/fpu/fpv5-d16\libc_nano.a(lib_a-errno.o)
 .ARM.attributes
                0x00000997       0x32 c:/program files (x86)/atollic/truestudio for arm 8.1.0/armtools/bin/../lib/gcc/arm-atollic-eabi/6.3.1/../../../../arm-atollic-eabi/lib/armv7e-m/fpu/fpv5-d16\libc_nano.a(lib_a-impure.o)
 .ARM.attributes
                0x000009c9       0x20 c:/program files (x86)/atollic/truestudio for arm 8.1.0/armtools/bin/../lib/gcc/arm-atollic-eabi/6.3.1/armv7e-m/fpu/fpv5-d16/crtn.o
OUTPUT(ThemisCarbon.elf elf32-littlearm)

.debug_info     0x00000000    0x29927
 .debug_info    0x00000000     0x1209 Drivers\STM32F7xx_HAL_Driver\Src\stm32f7xx_hal.o
 .debug_info    0x00001209     0x19a8 Drivers\STM32F7xx_HAL_Driver\Src\stm32f7xx_hal_cortex.o
 .debug_info    0x00002bb1     0x125c Drivers\STM32F7xx_HAL_Driver\Src\stm32f7xx_hal_dma.o
 .debug_info    0x00003e0d      0xf60 Drivers\STM32F7xx_HAL_Driver\Src\stm32f7xx_hal_flash.o
 .debug_info    0x00004d6d     0x123a Drivers\STM32F7xx_HAL_Driver\Src\stm32f7xx_hal_flash_ex.o
 .debug_info    0x00005fa7      0xfbc Drivers\STM32F7xx_HAL_Driver\Src\stm32f7xx_hal_gpio.o
 .debug_info    0x00006f63     0x397c Drivers\STM32F7xx_HAL_Driver\Src\stm32f7xx_hal_i2c.o
 .debug_info    0x0000a8df     0x11b6 Drivers\STM32F7xx_HAL_Driver\Src\stm32f7xx_hal_i2c_ex.o
 .debug_info    0x0000ba95     0x122c Drivers\STM32F7xx_HAL_Driver\Src\stm32f7xx_hal_pwr_ex.o
 .debug_info    0x0000ccc1     0x12c4 Drivers\STM32F7xx_HAL_Driver\Src\stm32f7xx_hal_rcc.o
 .debug_info    0x0000df85      0xf46 Drivers\STM32F7xx_HAL_Driver\Src\stm32f7xx_hal_rcc_ex.o
 .debug_info    0x0000eecb     0x2880 Drivers\STM32F7xx_HAL_Driver\Src\stm32f7xx_hal_spi.o
 .debug_info    0x0001174b     0x3acd Drivers\STM32F7xx_HAL_Driver\Src\stm32f7xx_hal_tim.o
 .debug_info    0x00015218     0x1e5c Drivers\STM32F7xx_HAL_Driver\Src\stm32f7xx_hal_tim_ex.o
 .debug_info    0x00017074     0x20b0 Drivers\STM32F7xx_HAL_Driver\Src\stm32f7xx_hal_uart.o
 .debug_info    0x00019124      0xb6a Src\APP\configuration.o
 .debug_info    0x00019c8e      0xb41 Src\APP\protocol.o
 .debug_info    0x0001a7cf     0x12b4 Src\APP\protocol_interpreter.o
 .debug_info    0x0001ba83     0x1a31 Src\HAL\imu.o
 .debug_info    0x0001d4b4     0x1492 Src\HAL\serial.o
 .debug_info    0x0001e946     0x1288 Src\HAL\stepper.o
 .debug_info    0x0001fbce      0x9f8 Src\MATH\ewma.o
 .debug_info    0x000205c6      0xaa2 Src\MATH\mymath.o
 .debug_info    0x00021068      0xc3f Src\MATH\pid.o
 .debug_info    0x00021ca7     0x3917 Src\main.o
 .debug_info    0x000255be     0x2162 Src\stm32f7xx_hal_msp.o
 .debug_info    0x00027720     0x129d Src\stm32f7xx_it.o
 .debug_info    0x000289bd      0xf05 Src\system_stm32f7xx.o
 .debug_info    0x000298c2       0x65 startup\startup_stm32f767xx.o

.debug_abbrev   0x00000000     0x507a
 .debug_abbrev  0x00000000      0x2a4 Drivers\STM32F7xx_HAL_Driver\Src\stm32f7xx_hal.o
 .debug_abbrev  0x000002a4      0x399 Drivers\STM32F7xx_HAL_Driver\Src\stm32f7xx_hal_cortex.o
 .debug_abbrev  0x0000063d      0x34a Drivers\STM32F7xx_HAL_Driver\Src\stm32f7xx_hal_dma.o
 .debug_abbrev  0x00000987      0x35c Drivers\STM32F7xx_HAL_Driver\Src\stm32f7xx_hal_flash.o
 .debug_abbrev  0x00000ce3      0x359 Drivers\STM32F7xx_HAL_Driver\Src\stm32f7xx_hal_flash_ex.o
 .debug_abbrev  0x0000103c      0x268 Drivers\STM32F7xx_HAL_Driver\Src\stm32f7xx_hal_gpio.o
 .debug_abbrev  0x000012a4      0x3c9 Drivers\STM32F7xx_HAL_Driver\Src\stm32f7xx_hal_i2c.o
 .debug_abbrev  0x0000166d      0x209 Drivers\STM32F7xx_HAL_Driver\Src\stm32f7xx_hal_i2c_ex.o
 .debug_abbrev  0x00001876      0x2b6 Drivers\STM32F7xx_HAL_Driver\Src\stm32f7xx_hal_pwr_ex.o
 .debug_abbrev  0x00001b2c      0x34b Drivers\STM32F7xx_HAL_Driver\Src\stm32f7xx_hal_rcc.o
 .debug_abbrev  0x00001e77      0x25f Drivers\STM32F7xx_HAL_Driver\Src\stm32f7xx_hal_rcc_ex.o
 .debug_abbrev  0x000020d6      0x39a Drivers\STM32F7xx_HAL_Driver\Src\stm32f7xx_hal_spi.o
 .debug_abbrev  0x00002470      0x3ac Drivers\STM32F7xx_HAL_Driver\Src\stm32f7xx_hal_tim.o
 .debug_abbrev  0x0000281c      0x30d Drivers\STM32F7xx_HAL_Driver\Src\stm32f7xx_hal_tim_ex.o
 .debug_abbrev  0x00002b29      0x3a6 Drivers\STM32F7xx_HAL_Driver\Src\stm32f7xx_hal_uart.o
 .debug_abbrev  0x00002ecf      0x245 Src\APP\configuration.o
 .debug_abbrev  0x00003114      0x220 Src\APP\protocol.o
 .debug_abbrev  0x00003334      0x25b Src\APP\protocol_interpreter.o
 .debug_abbrev  0x0000358f      0x433 Src\HAL\imu.o
 .debug_abbrev  0x000039c2      0x3d6 Src\HAL\serial.o
 .debug_abbrev  0x00003d98      0x284 Src\HAL\stepper.o
 .debug_abbrev  0x0000401c      0x1cc Src\MATH\ewma.o
 .debug_abbrev  0x000041e8      0x1ee Src\MATH\mymath.o
 .debug_abbrev  0x000043d6      0x226 Src\MATH\pid.o
 .debug_abbrev  0x000045fc      0x3b7 Src\main.o
 .debug_abbrev  0x000049b3      0x29e Src\stm32f7xx_hal_msp.o
 .debug_abbrev  0x00004c51      0x231 Src\stm32f7xx_it.o
 .debug_abbrev  0x00004e82      0x1e6 Src\system_stm32f7xx.o
 .debug_abbrev  0x00005068       0x12 startup\startup_stm32f767xx.o

.debug_loc      0x00000000     0xda6d
 .debug_loc     0x00000000       0x6a Drivers\STM32F7xx_HAL_Driver\Src\stm32f7xx_hal.o
 .debug_loc     0x0000006a      0x536 Drivers\STM32F7xx_HAL_Driver\Src\stm32f7xx_hal_cortex.o
 .debug_loc     0x000005a0      0x7ed Drivers\STM32F7xx_HAL_Driver\Src\stm32f7xx_hal_dma.o
 .debug_loc     0x00000d8d      0x271 Drivers\STM32F7xx_HAL_Driver\Src\stm32f7xx_hal_flash.o
 .debug_loc     0x00000ffe      0x5b2 Drivers\STM32F7xx_HAL_Driver\Src\stm32f7xx_hal_flash_ex.o
 .debug_loc     0x000015b0      0x3cd Drivers\STM32F7xx_HAL_Driver\Src\stm32f7xx_hal_gpio.o
 .debug_loc     0x0000197d     0x320f Drivers\STM32F7xx_HAL_Driver\Src\stm32f7xx_hal_i2c.o
 .debug_loc     0x00004b8c      0x144 Drivers\STM32F7xx_HAL_Driver\Src\stm32f7xx_hal_i2c_ex.o
 .debug_loc     0x00004cd0      0x1c2 Drivers\STM32F7xx_HAL_Driver\Src\stm32f7xx_hal_pwr_ex.o
 .debug_loc     0x00004e92      0x37e Drivers\STM32F7xx_HAL_Driver\Src\stm32f7xx_hal_rcc.o
 .debug_loc     0x00005210      0x4c4 Drivers\STM32F7xx_HAL_Driver\Src\stm32f7xx_hal_rcc_ex.o
 .debug_loc     0x000056d4     0x18e6 Drivers\STM32F7xx_HAL_Driver\Src\stm32f7xx_hal_spi.o
 .debug_loc     0x00006fba     0x2eb3 Drivers\STM32F7xx_HAL_Driver\Src\stm32f7xx_hal_tim.o
 .debug_loc     0x00009e6d     0x11e1 Drivers\STM32F7xx_HAL_Driver\Src\stm32f7xx_hal_tim_ex.o
 .debug_loc     0x0000b04e     0x131b Drivers\STM32F7xx_HAL_Driver\Src\stm32f7xx_hal_uart.o
 .debug_loc     0x0000c369       0x14 Src\APP\configuration.o
 .debug_loc     0x0000c37d      0x15a Src\APP\protocol.o
 .debug_loc     0x0000c4d7       0xdd Src\APP\protocol_interpreter.o
 .debug_loc     0x0000c5b4      0x327 Src\HAL\imu.o
 .debug_loc     0x0000c8db      0x6ad Src\HAL\serial.o
 .debug_loc     0x0000cf88      0x318 Src\HAL\stepper.o
 .debug_loc     0x0000d2a0       0x24 Src\MATH\ewma.o
 .debug_loc     0x0000d2c4      0x1a1 Src\MATH\mymath.o
 .debug_loc     0x0000d465      0x1e8 Src\MATH\pid.o
 .debug_loc     0x0000d64d      0x156 Src\main.o
 .debug_loc     0x0000d7a3      0x1ae Src\stm32f7xx_hal_msp.o
 .debug_loc     0x0000d951      0x11c Src\system_stm32f7xx.o

.debug_aranges  0x00000000     0x1130
 .debug_aranges
                0x00000000       0xf0 Drivers\STM32F7xx_HAL_Driver\Src\stm32f7xx_hal.o
 .debug_aranges
                0x000000f0       0xa8 Drivers\STM32F7xx_HAL_Driver\Src\stm32f7xx_hal_cortex.o
 .debug_aranges
                0x00000198       0x80 Drivers\STM32F7xx_HAL_Driver\Src\stm32f7xx_hal_dma.o
 .debug_aranges
                0x00000218       0x98 Drivers\STM32F7xx_HAL_Driver\Src\stm32f7xx_hal_flash.o
 .debug_aranges
                0x000002b0       0x48 Drivers\STM32F7xx_HAL_Driver\Src\stm32f7xx_hal_flash_ex.o
 .debug_aranges
                0x000002f8       0x58 Drivers\STM32F7xx_HAL_Driver\Src\stm32f7xx_hal_gpio.o
 .debug_aranges
                0x00000350      0x200 Drivers\STM32F7xx_HAL_Driver\Src\stm32f7xx_hal_i2c.o
 .debug_aranges
                0x00000550       0x38 Drivers\STM32F7xx_HAL_Driver\Src\stm32f7xx_hal_i2c_ex.o
 .debug_aranges
                0x00000588       0x80 Drivers\STM32F7xx_HAL_Driver\Src\stm32f7xx_hal_pwr_ex.o
 .debug_aranges
                0x00000608       0x88 Drivers\STM32F7xx_HAL_Driver\Src\stm32f7xx_hal_rcc.o
 .debug_aranges
                0x00000690       0x30 Drivers\STM32F7xx_HAL_Driver\Src\stm32f7xx_hal_rcc_ex.o
 .debug_aranges
                0x000006c0      0x198 Drivers\STM32F7xx_HAL_Driver\Src\stm32f7xx_hal_spi.o
 .debug_aranges
                0x00000858      0x260 Drivers\STM32F7xx_HAL_Driver\Src\stm32f7xx_hal_tim.o
 .debug_aranges
                0x00000ab8      0x128 Drivers\STM32F7xx_HAL_Driver\Src\stm32f7xx_hal_tim_ex.o
 .debug_aranges
                0x00000be0      0x148 Drivers\STM32F7xx_HAL_Driver\Src\stm32f7xx_hal_uart.o
 .debug_aranges
                0x00000d28       0x30 Src\APP\configuration.o
 .debug_aranges
                0x00000d58       0x30 Src\APP\protocol.o
 .debug_aranges
                0x00000d88       0x20 Src\APP\protocol_interpreter.o
 .debug_aranges
                0x00000da8       0xc8 Src\HAL\imu.o
 .debug_aranges
                0x00000e70       0x70 Src\HAL\serial.o
 .debug_aranges
                0x00000ee0       0x58 Src\HAL\stepper.o
 .debug_aranges
                0x00000f38       0x30 Src\MATH\ewma.o
 .debug_aranges
                0x00000f68       0x40 Src\MATH\mymath.o
 .debug_aranges
                0x00000fa8       0x38 Src\MATH\pid.o
 .debug_aranges
                0x00000fe0       0x38 Src\main.o
 .debug_aranges
                0x00001018       0x60 Src\stm32f7xx_hal_msp.o
 .debug_aranges
                0x00001078       0x68 Src\stm32f7xx_it.o
 .debug_aranges
                0x000010e0       0x28 Src\system_stm32f7xx.o
 .debug_aranges
                0x00001108       0x28 startup\startup_stm32f767xx.o

.debug_ranges   0x00000000     0x1778
 .debug_ranges  0x00000000       0xe0 Drivers\STM32F7xx_HAL_Driver\Src\stm32f7xx_hal.o
 .debug_ranges  0x000000e0      0x138 Drivers\STM32F7xx_HAL_Driver\Src\stm32f7xx_hal_cortex.o
 .debug_ranges  0x00000218       0xd0 Drivers\STM32F7xx_HAL_Driver\Src\stm32f7xx_hal_dma.o
 .debug_ranges  0x000002e8       0x88 Drivers\STM32F7xx_HAL_Driver\Src\stm32f7xx_hal_flash.o
 .debug_ranges  0x00000370       0xe8 Drivers\STM32F7xx_HAL_Driver\Src\stm32f7xx_hal_flash_ex.o
 .debug_ranges  0x00000458       0x70 Drivers\STM32F7xx_HAL_Driver\Src\stm32f7xx_hal_gpio.o
 .debug_ranges  0x000004c8      0x268 Drivers\STM32F7xx_HAL_Driver\Src\stm32f7xx_hal_i2c.o
 .debug_ranges  0x00000730       0x68 Drivers\STM32F7xx_HAL_Driver\Src\stm32f7xx_hal_i2c_ex.o
 .debug_ranges  0x00000798       0xe8 Drivers\STM32F7xx_HAL_Driver\Src\stm32f7xx_hal_pwr_ex.o
 .debug_ranges  0x00000880       0xf0 Drivers\STM32F7xx_HAL_Driver\Src\stm32f7xx_hal_rcc.o
 .debug_ranges  0x00000970       0x38 Drivers\STM32F7xx_HAL_Driver\Src\stm32f7xx_hal_rcc_ex.o
 .debug_ranges  0x000009a8      0x200 Drivers\STM32F7xx_HAL_Driver\Src\stm32f7xx_hal_spi.o
 .debug_ranges  0x00000ba8      0x318 Drivers\STM32F7xx_HAL_Driver\Src\stm32f7xx_hal_tim.o
 .debug_ranges  0x00000ec0      0x118 Drivers\STM32F7xx_HAL_Driver\Src\stm32f7xx_hal_tim_ex.o
 .debug_ranges  0x00000fd8      0x138 Drivers\STM32F7xx_HAL_Driver\Src\stm32f7xx_hal_uart.o
 .debug_ranges  0x00001110       0x40 Src\APP\configuration.o
 .debug_ranges  0x00001150       0x40 Src\APP\protocol.o
 .debug_ranges  0x00001190       0x68 Src\APP\protocol_interpreter.o
 .debug_ranges  0x000011f8      0x108 Src\HAL\imu.o
 .debug_ranges  0x00001300       0x90 Src\HAL\serial.o
 .debug_ranges  0x00001390       0x68 Src\HAL\stepper.o
 .debug_ranges  0x000013f8       0x20 Src\MATH\ewma.o
 .debug_ranges  0x00001418       0x30 Src\MATH\mymath.o
 .debug_ranges  0x00001448       0x28 Src\MATH\pid.o
 .debug_ranges  0x00001470      0x158 Src\main.o
 .debug_ranges  0x000015c8      0x120 Src\stm32f7xx_hal_msp.o
 .debug_ranges  0x000016e8       0x58 Src\stm32f7xx_it.o
 .debug_ranges  0x00001740       0x18 Src\system_stm32f7xx.o
 .debug_ranges  0x00001758       0x20 startup\startup_stm32f767xx.o

.debug_line     0x00000000     0xadc6
 .debug_line    0x00000000      0x484 Drivers\STM32F7xx_HAL_Driver\Src\stm32f7xx_hal.o
 .debug_line    0x00000484      0x4dd Drivers\STM32F7xx_HAL_Driver\Src\stm32f7xx_hal_cortex.o
 .debug_line    0x00000961      0x5fe Drivers\STM32F7xx_HAL_Driver\Src\stm32f7xx_hal_dma.o
 .debug_line    0x00000f5f      0x50b Drivers\STM32F7xx_HAL_Driver\Src\stm32f7xx_hal_flash.o
 .debug_line    0x0000146a      0x4cc Drivers\STM32F7xx_HAL_Driver\Src\stm32f7xx_hal_flash_ex.o
 .debug_line    0x00001936      0x4a2 Drivers\STM32F7xx_HAL_Driver\Src\stm32f7xx_hal_gpio.o
 .debug_line    0x00001dd8     0x15a3 Drivers\STM32F7xx_HAL_Driver\Src\stm32f7xx_hal_i2c.o
 .debug_line    0x0000337b      0x371 Drivers\STM32F7xx_HAL_Driver\Src\stm32f7xx_hal_i2c_ex.o
 .debug_line    0x000036ec      0x436 Drivers\STM32F7xx_HAL_Driver\Src\stm32f7xx_hal_pwr_ex.o
 .debug_line    0x00003b22      0x5f9 Drivers\STM32F7xx_HAL_Driver\Src\stm32f7xx_hal_rcc.o
 .debug_line    0x0000411b      0x483 Drivers\STM32F7xx_HAL_Driver\Src\stm32f7xx_hal_rcc_ex.o
 .debug_line    0x0000459e      0xcf6 Drivers\STM32F7xx_HAL_Driver\Src\stm32f7xx_hal_spi.o
 .debug_line    0x00005294     0x12b4 Drivers\STM32F7xx_HAL_Driver\Src\stm32f7xx_hal_tim.o
 .debug_line    0x00006548      0x9a9 Drivers\STM32F7xx_HAL_Driver\Src\stm32f7xx_hal_tim_ex.o
 .debug_line    0x00006ef1      0xc35 Drivers\STM32F7xx_HAL_Driver\Src\stm32f7xx_hal_uart.o
 .debug_line    0x00007b26      0x30a Src\APP\configuration.o
 .debug_line    0x00007e30      0x2b0 Src\APP\protocol.o
 .debug_line    0x000080e0      0x38b Src\APP\protocol_interpreter.o
 .debug_line    0x0000846b      0x617 Src\HAL\imu.o
 .debug_line    0x00008a82      0x4dd Src\HAL\serial.o
 .debug_line    0x00008f5f      0x428 Src\HAL\stepper.o
 .debug_line    0x00009387      0x271 Src\MATH\ewma.o
 .debug_line    0x000095f8      0x276 Src\MATH\mymath.o
 .debug_line    0x0000986e      0x2eb Src\MATH\pid.o
 .debug_line    0x00009b59      0x76c Src\main.o
 .debug_line    0x0000a2c5      0x497 Src\stm32f7xx_hal_msp.o
 .debug_line    0x0000a75c      0x37d Src\stm32f7xx_it.o
 .debug_line    0x0000aad9      0x26e Src\system_stm32f7xx.o
 .debug_line    0x0000ad47       0x7f startup\startup_stm32f767xx.o

.debug_str      0x00000000     0x6d48
 .debug_str     0x00000000     0x1027 Drivers\STM32F7xx_HAL_Driver\Src\stm32f7xx_hal.o
                               0x10dc (size before relaxing)
 .debug_str     0x00001027      0x48e Drivers\STM32F7xx_HAL_Driver\Src\stm32f7xx_hal_cortex.o
                               0x129a (size before relaxing)
 .debug_str     0x000014b5      0x513 Drivers\STM32F7xx_HAL_Driver\Src\stm32f7xx_hal_dma.o
                                0xbd7 (size before relaxing)
 .debug_str     0x000019c8      0x2bf Drivers\STM32F7xx_HAL_Driver\Src\stm32f7xx_hal_flash.o
                                0x99e (size before relaxing)
 .debug_str     0x00001c87      0x2ad Drivers\STM32F7xx_HAL_Driver\Src\stm32f7xx_hal_flash_ex.o
                                0xa6d (size before relaxing)
 .debug_str     0x00001f34      0x18d Drivers\STM32F7xx_HAL_Driver\Src\stm32f7xx_hal_gpio.o
                                0x96e (size before relaxing)
 .debug_str     0x000020c1      0xa29 Drivers\STM32F7xx_HAL_Driver\Src\stm32f7xx_hal_i2c.o
                               0x136e (size before relaxing)
 .debug_str     0x00002aea       0xc4 Drivers\STM32F7xx_HAL_Driver\Src\stm32f7xx_hal_i2c_ex.o
                                0xd72 (size before relaxing)
 .debug_str     0x00002bae      0x21a Drivers\STM32F7xx_HAL_Driver\Src\stm32f7xx_hal_pwr_ex.o
                                0xac9 (size before relaxing)
 .debug_str     0x00002dc8      0x2d3 Drivers\STM32F7xx_HAL_Driver\Src\stm32f7xx_hal_rcc.o
                                0xb41 (size before relaxing)
 .debug_str     0x0000309b      0x395 Drivers\STM32F7xx_HAL_Driver\Src\stm32f7xx_hal_rcc_ex.o
                                0xb36 (size before relaxing)
 .debug_str     0x00003430      0x6f8 Drivers\STM32F7xx_HAL_Driver\Src\stm32f7xx_hal_spi.o
                               0x1047 (size before relaxing)
 .debug_str     0x00003b28      0xf06 Drivers\STM32F7xx_HAL_Driver\Src\stm32f7xx_hal_tim.o
                               0x1838 (size before relaxing)
 .debug_str     0x00004a2e      0x636 Drivers\STM32F7xx_HAL_Driver\Src\stm32f7xx_hal_tim_ex.o
                               0x137e (size before relaxing)
 .debug_str     0x00005064      0x752 Drivers\STM32F7xx_HAL_Driver\Src\stm32f7xx_hal_uart.o
                               0x1280 (size before relaxing)
 .debug_str     0x000057b6      0x1b5 Src\APP\configuration.o
                                0x859 (size before relaxing)
 .debug_str     0x0000596b      0x286 Src\APP\protocol.o
                                0x8b4 (size before relaxing)
 .debug_str     0x00005bf1       0xff Src\APP\protocol_interpreter.o
                                0xed3 (size before relaxing)
 .debug_str     0x00005cf0      0x81c Src\HAL\imu.o
                               0x13d5 (size before relaxing)
 .debug_str     0x0000650c       0xe4 Src\HAL\serial.o
                                0xcff (size before relaxing)
 .debug_str     0x000065f0      0x1a4 Src\HAL\stepper.o
                                0xd1b (size before relaxing)
 .debug_str     0x00006794       0x65 Src\MATH\ewma.o
                                0x69f (size before relaxing)
 .debug_str     0x000067f9       0x4a Src\MATH\mymath.o
                                0x669 (size before relaxing)
 .debug_str     0x00006843      0x11b Src\MATH\pid.o
                                0x77e (size before relaxing)
 .debug_str     0x0000695e      0x289 Src\main.o
                               0x29c7 (size before relaxing)
 .debug_str     0x00006be7       0x25 Src\stm32f7xx_hal_msp.o
                               0x1a83 (size before relaxing)
 .debug_str     0x00006c0c       0xf7 Src\stm32f7xx_it.o
                                0xe3c (size before relaxing)
 .debug_str     0x00006d03       0x45 Src\system_stm32f7xx.o
                                0x89b (size before relaxing)

.comment        0x00000000       0x7c
 .comment       0x00000000       0x7c Drivers\STM32F7xx_HAL_Driver\Src\stm32f7xx_hal.o
                                 0x7d (size before relaxing)
 .comment       0x0000007c       0x7d Drivers\STM32F7xx_HAL_Driver\Src\stm32f7xx_hal_cortex.o
 .comment       0x0000007c       0x7d Drivers\STM32F7xx_HAL_Driver\Src\stm32f7xx_hal_dma.o
 .comment       0x0000007c       0x7d Drivers\STM32F7xx_HAL_Driver\Src\stm32f7xx_hal_flash.o
 .comment       0x0000007c       0x7d Drivers\STM32F7xx_HAL_Driver\Src\stm32f7xx_hal_flash_ex.o
 .comment       0x0000007c       0x7d Drivers\STM32F7xx_HAL_Driver\Src\stm32f7xx_hal_gpio.o
 .comment       0x0000007c       0x7d Drivers\STM32F7xx_HAL_Driver\Src\stm32f7xx_hal_i2c.o
 .comment       0x0000007c       0x7d Drivers\STM32F7xx_HAL_Driver\Src\stm32f7xx_hal_i2c_ex.o
 .comment       0x0000007c       0x7d Drivers\STM32F7xx_HAL_Driver\Src\stm32f7xx_hal_pwr_ex.o
 .comment       0x0000007c       0x7d Drivers\STM32F7xx_HAL_Driver\Src\stm32f7xx_hal_rcc.o
 .comment       0x0000007c       0x7d Drivers\STM32F7xx_HAL_Driver\Src\stm32f7xx_hal_rcc_ex.o
 .comment       0x0000007c       0x7d Drivers\STM32F7xx_HAL_Driver\Src\stm32f7xx_hal_spi.o
 .comment       0x0000007c       0x7d Drivers\STM32F7xx_HAL_Driver\Src\stm32f7xx_hal_tim.o
 .comment       0x0000007c       0x7d Drivers\STM32F7xx_HAL_Driver\Src\stm32f7xx_hal_tim_ex.o
 .comment       0x0000007c       0x7d Drivers\STM32F7xx_HAL_Driver\Src\stm32f7xx_hal_uart.o
 .comment       0x0000007c       0x7d Src\APP\configuration.o
 .comment       0x0000007c       0x7d Src\APP\protocol.o
 .comment       0x0000007c       0x7d Src\APP\protocol_interpreter.o
 .comment       0x0000007c       0x7d Src\HAL\imu.o
 .comment       0x0000007c       0x7d Src\HAL\serial.o
 .comment       0x0000007c       0x7d Src\HAL\stepper.o
 .comment       0x0000007c       0x7d Src\MATH\ewma.o
 .comment       0x0000007c       0x7d Src\MATH\mymath.o
 .comment       0x0000007c       0x7d Src\MATH\pid.o
 .comment       0x0000007c       0x7d Src\main.o
 .comment       0x0000007c       0x7d Src\stm32f7xx_hal_msp.o
 .comment       0x0000007c       0x7d Src\stm32f7xx_it.o
 .comment       0x0000007c       0x7d Src\system_stm32f7xx.o

.debug_frame    0x00000000     0x34e4
 .debug_frame   0x00000000      0x1f4 Drivers\STM32F7xx_HAL_Driver\Src\stm32f7xx_hal.o
 .debug_frame   0x000001f4      0x158 Drivers\STM32F7xx_HAL_Driver\Src\stm32f7xx_hal_cortex.o
 .debug_frame   0x0000034c      0x150 Drivers\STM32F7xx_HAL_Driver\Src\stm32f7xx_hal_dma.o
 .debug_frame   0x0000049c      0x15c Drivers\STM32F7xx_HAL_Driver\Src\stm32f7xx_hal_flash.o
 .debug_frame   0x000005f8       0x98 Drivers\STM32F7xx_HAL_Driver\Src\stm32f7xx_hal_flash_ex.o
 .debug_frame   0x00000690       0xd8 Drivers\STM32F7xx_HAL_Driver\Src\stm32f7xx_hal_gpio.o
 .debug_frame   0x00000768      0x804 Drivers\STM32F7xx_HAL_Driver\Src\stm32f7xx_hal_i2c.o
 .debug_frame   0x00000f6c       0x70 Drivers\STM32F7xx_HAL_Driver\Src\stm32f7xx_hal_i2c_ex.o
 .debug_frame   0x00000fdc      0x13c Drivers\STM32F7xx_HAL_Driver\Src\stm32f7xx_hal_pwr_ex.o
 .debug_frame   0x00001118      0x134 Drivers\STM32F7xx_HAL_Driver\Src\stm32f7xx_hal_rcc.o
 .debug_frame   0x0000124c       0x5c Drivers\STM32F7xx_HAL_Driver\Src\stm32f7xx_hal_rcc_ex.o
 .debug_frame   0x000012a8      0x5b0 Drivers\STM32F7xx_HAL_Driver\Src\stm32f7xx_hal_spi.o
 .debug_frame   0x00001858      0x87c Drivers\STM32F7xx_HAL_Driver\Src\stm32f7xx_hal_tim.o
 .debug_frame   0x000020d4      0x3f4 Drivers\STM32F7xx_HAL_Driver\Src\stm32f7xx_hal_tim_ex.o
 .debug_frame   0x000024c8      0x424 Drivers\STM32F7xx_HAL_Driver\Src\stm32f7xx_hal_uart.o
 .debug_frame   0x000028ec       0x54 Src\APP\configuration.o
 .debug_frame   0x00002940       0x54 Src\APP\protocol.o
 .debug_frame   0x00002994       0x34 Src\APP\protocol_interpreter.o
 .debug_frame   0x000029c8      0x250 Src\HAL\imu.o
 .debug_frame   0x00002c18      0x160 Src\HAL\serial.o
 .debug_frame   0x00002d78       0xc4 Src\HAL\stepper.o
 .debug_frame   0x00002e3c       0x40 Src\MATH\ewma.o
 .debug_frame   0x00002e7c       0x68 Src\MATH\mymath.o
 .debug_frame   0x00002ee4       0x84 Src\MATH\pid.o
 .debug_frame   0x00002f68       0x90 Src\main.o
 .debug_frame   0x00002ff8      0x108 Src\stm32f7xx_hal_msp.o
 .debug_frame   0x00003100       0xec Src\stm32f7xx_it.o
 .debug_frame   0x000031ec       0x38 Src\system_stm32f7xx.o
 .debug_frame   0x00003224       0x2c c:/program files (x86)/atollic/truestudio for arm 8.1.0/armtools/bin/../lib/gcc/arm-atollic-eabi/6.3.1/../../../../arm-atollic-eabi/lib/armv7e-m/fpu/fpv5-d16\libc_nano.a(lib_a-init.o)
 .debug_frame   0x00003250       0x2c c:/program files (x86)/atollic/truestudio for arm 8.1.0/armtools/bin/../lib/gcc/arm-atollic-eabi/6.3.1/../../../../arm-atollic-eabi/lib/armv7e-m/fpu/fpv5-d16\libm.a(lib_a-s_cos.o)
 .debug_frame   0x0000327c       0x2c c:/program files (x86)/atollic/truestudio for arm 8.1.0/armtools/bin/../lib/gcc/arm-atollic-eabi/6.3.1/../../../../arm-atollic-eabi/lib/armv7e-m/fpu/fpv5-d16\libm.a(lib_a-s_sin.o)
 .debug_frame   0x000032a8       0x40 c:/program files (x86)/atollic/truestudio for arm 8.1.0/armtools/bin/../lib/gcc/arm-atollic-eabi/6.3.1/../../../../arm-atollic-eabi/lib/armv7e-m/fpu/fpv5-d16\libm.a(lib_a-w_sqrt.o)
 .debug_frame   0x000032e8       0x38 c:/program files (x86)/atollic/truestudio for arm 8.1.0/armtools/bin/../lib/gcc/arm-atollic-eabi/6.3.1/../../../../arm-atollic-eabi/lib/armv7e-m/fpu/fpv5-d16\libm.a(lib_a-e_rem_pio2.o)
 .debug_frame   0x00003320       0x30 c:/program files (x86)/atollic/truestudio for arm 8.1.0/armtools/bin/../lib/gcc/arm-atollic-eabi/6.3.1/../../../../arm-atollic-eabi/lib/armv7e-m/fpu/fpv5-d16\libm.a(lib_a-e_sqrt.o)
 .debug_frame   0x00003350       0x20 c:/program files (x86)/atollic/truestudio for arm 8.1.0/armtools/bin/../lib/gcc/arm-atollic-eabi/6.3.1/../../../../arm-atollic-eabi/lib/armv7e-m/fpu/fpv5-d16\libm.a(lib_a-k_cos.o)
 .debug_frame   0x00003370       0x68 c:/program files (x86)/atollic/truestudio for arm 8.1.0/armtools/bin/../lib/gcc/arm-atollic-eabi/6.3.1/../../../../arm-atollic-eabi/lib/armv7e-m/fpu/fpv5-d16\libm.a(lib_a-k_rem_pio2.o)
 .debug_frame   0x000033d8       0x20 c:/program files (x86)/atollic/truestudio for arm 8.1.0/armtools/bin/../lib/gcc/arm-atollic-eabi/6.3.1/../../../../arm-atollic-eabi/lib/armv7e-m/fpu/fpv5-d16\libm.a(lib_a-k_sin.o)
 .debug_frame   0x000033f8       0x20 c:/program files (x86)/atollic/truestudio for arm 8.1.0/armtools/bin/../lib/gcc/arm-atollic-eabi/6.3.1/../../../../arm-atollic-eabi/lib/armv7e-m/fpu/fpv5-d16\libm.a(lib_a-s_fabs.o)
 .debug_frame   0x00003418       0x2c c:/program files (x86)/atollic/truestudio for arm 8.1.0/armtools/bin/../lib/gcc/arm-atollic-eabi/6.3.1/../../../../arm-atollic-eabi/lib/armv7e-m/fpu/fpv5-d16\libm.a(lib_a-s_floor.o)
 .debug_frame   0x00003444       0x20 c:/program files (x86)/atollic/truestudio for arm 8.1.0/armtools/bin/../lib/gcc/arm-atollic-eabi/6.3.1/../../../../arm-atollic-eabi/lib/armv7e-m/fpu/fpv5-d16\libm.a(lib_a-s_matherr.o)
 .debug_frame   0x00003464       0x40 c:/program files (x86)/atollic/truestudio for arm 8.1.0/armtools/bin/../lib/gcc/arm-atollic-eabi/6.3.1/../../../../arm-atollic-eabi/lib/armv7e-m/fpu/fpv5-d16\libm.a(lib_a-s_scalbn.o)
 .debug_frame   0x000034a4       0x20 c:/program files (x86)/atollic/truestudio for arm 8.1.0/armtools/bin/../lib/gcc/arm-atollic-eabi/6.3.1/../../../../arm-atollic-eabi/lib/armv7e-m/fpu/fpv5-d16\libm.a(lib_a-s_copysign.o)
 .debug_frame   0x000034c4       0x20 c:/program files (x86)/atollic/truestudio for arm 8.1.0/armtools/bin/../lib/gcc/arm-atollic-eabi/6.3.1/../../../../arm-atollic-eabi/lib/armv7e-m/fpu/fpv5-d16\libc_nano.a(lib_a-errno.o)
